[    0.000000] Initializing cgroup subsys cpuset
[    0.000000] Initializing cgroup subsys cpu
[    0.000000] Initializing cgroup subsys cpuacct
[    0.000000] Linux version 4.4.0-72-generic (buildd@lcy01-17) (gcc version 5.4.0 20160609 (Ubuntu 5.4.0-6ubuntu1~16.04.4) ) #93-Ubuntu SMP Fri Mar 31 14:07:41 UTC 2017 (Ubuntu 4.4.0-72.93-generic 4.4.49)
[    0.000000] Command line: BOOT_IMAGE=/boot/vmlinuz-4.4.0-72-generic root=UUID=3f513ff0-5157-487f-95f9-0886b2752eda ro console=tty1 console=ttyS0
[    0.000000] KERNEL supported cpus:
[    0.000000]   Intel GenuineIntel
[    0.000000]   AMD AuthenticAMD
[    0.000000]   Centaur CentaurHauls
[    0.000000] x86/fpu: xstate_offset[2]:  576, xstate_sizes[2]:  256
[    0.000000] x86/fpu: Supporting XSAVE feature 0x01: 'x87 floating point registers'
[    0.000000] x86/fpu: Supporting XSAVE feature 0x02: 'SSE registers'
[    0.000000] x86/fpu: Supporting XSAVE feature 0x04: 'AVX registers'
[    0.000000] x86/fpu: Enabled xstate features 0x7, context size is 832 bytes, using 'standard' format.
[    0.000000] x86/fpu: Using 'lazy' FPU context switches.
[    0.000000] e820: BIOS-provided physical RAM map:
[    0.000000] BIOS-e820: [mem 0x0000000000000000-0x000000000009fbff] usable
[    0.000000] BIOS-e820: [mem 0x000000000009fc00-0x000000000009ffff] reserved
[    0.000000] BIOS-e820: [mem 0x00000000000f0000-0x00000000000fffff] reserved
[    0.000000] BIOS-e820: [mem 0x0000000000100000-0x000000003ffeffff] usable
[    0.000000] BIOS-e820: [mem 0x000000003fff0000-0x000000003fffffff] ACPI data
[    0.000000] BIOS-e820: [mem 0x00000000fec00000-0x00000000fec00fff] reserved
[    0.000000] BIOS-e820: [mem 0x00000000fee00000-0x00000000fee00fff] reserved
[    0.000000] BIOS-e820: [mem 0x00000000fffc0000-0x00000000ffffffff] reserved
[    0.000000] NX (Execute Disable) protection: active
[    0.000000] SMBIOS 2.5 present.
[    0.000000] Hypervisor detected: KVM
[    0.000000] e820: last_pfn = 0x3fff0 max_arch_pfn = 0x400000000
[    0.000000] MTRR: Disabled
[    0.000000] x86/PAT: MTRRs disabled, skipping PAT initialization too.
[    0.000000] x86/PAT: Configuration [0-7]: WB  WT  UC- UC  WB  WT  UC- UC  
[    0.000000] CPU MTRRs all blank - virtualized system.
[    0.000000] found SMP MP-table at [mem 0x0009fff0-0x0009ffff] mapped at [ffff88000009fff0]
[    0.000000] Scanning 1 areas for low memory corruption
[    0.000000] RAMDISK: [mem 0x36232000-0x37110fff]
[    0.000000] ACPI: Early table checksum verification disabled
[    0.000000] ACPI: RSDP 0x00000000000E0000 000024 (v02 VBOX  )
[    0.000000] ACPI: XSDT 0x000000003FFF0030 00003C (v01 VBOX   VBOXXSDT 00000001 ASL  00000061)
[    0.000000] ACPI: FACP 0x000000003FFF00F0 0000F4 (v04 VBOX   VBOXFACP 00000001 ASL  00000061)
[    0.000000] ACPI: DSDT 0x000000003FFF0470 00210F (v01 VBOX   VBOXBIOS 00000002 INTL 20100528)
[    0.000000] ACPI: FACS 0x000000003FFF0200 000040
[    0.000000] ACPI: FACS 0x000000003FFF0200 000040
[    0.000000] ACPI: APIC 0x000000003FFF0240 00005C (v02 VBOX   VBOXAPIC 00000001 ASL  00000061)
[    0.000000] ACPI: SSDT 0x000000003FFF02A0 0001CC (v01 VBOX   VBOXCPUT 00000002 INTL 20100528)
[    0.000000] No NUMA configuration found
[    0.000000] Faking a node at [mem 0x0000000000000000-0x000000003ffeffff]
[    0.000000] NODE_DATA(0) allocated [mem 0x3ffeb000-0x3ffeffff]
[    0.000000] kvm-clock: Using msrs 4b564d01 and 4b564d00
[    0.000000] kvm-clock: cpu 0, msr 0:3ffe3001, primary cpu clock
[    0.000000] kvm-clock: using sched offset of 3213149822 cycles
[    0.000000] clocksource: kvm-clock: mask: 0xffffffffffffffff max_cycles: 0x1cd42e4dffb, max_idle_ns: 881590591483 ns
[    0.000000] Zone ranges:
[    0.000000]   DMA      [mem 0x0000000000001000-0x0000000000ffffff]
[    0.000000]   DMA32    [mem 0x0000000001000000-0x000000003ffeffff]
[    0.000000]   Normal   empty
[    0.000000]   Device   empty
[    0.000000] Movable zone start for each node
[    0.000000] Early memory node ranges
[    0.000000]   node   0: [mem 0x0000000000001000-0x000000000009efff]
[    0.000000]   node   0: [mem 0x0000000000100000-0x000000003ffeffff]
[    0.000000] Initmem setup node 0 [mem 0x0000000000001000-0x000000003ffeffff]
[    0.000000] ACPI: PM-Timer IO Port: 0x4008
[    0.000000] IOAPIC[0]: apic_id 2, version 32, address 0xfec00000, GSI 0-23
[    0.000000] ACPI: INT_SRC_OVR (bus 0 bus_irq 0 global_irq 2 dfl dfl)
[    0.000000] ACPI: INT_SRC_OVR (bus 0 bus_irq 9 global_irq 9 high level)
[    0.000000] Using ACPI (MADT) for SMP configuration information
[    0.000000] smpboot: Allowing 2 CPUs, 0 hotplug CPUs
[    0.000000] PM: Registered nosave memory: [mem 0x00000000-0x00000fff]
[    0.000000] PM: Registered nosave memory: [mem 0x0009f000-0x0009ffff]
[    0.000000] PM: Registered nosave memory: [mem 0x000a0000-0x000effff]
[    0.000000] PM: Registered nosave memory: [mem 0x000f0000-0x000fffff]
[    0.000000] e820: [mem 0x40000000-0xfebfffff] available for PCI devices
[    0.000000] Booting paravirtualized kernel on KVM
[    0.000000] clocksource: refined-jiffies: mask: 0xffffffff max_cycles: 0xffffffff, max_idle_ns: 7645519600211568 ns
[    0.000000] setup_percpu: NR_CPUS:512 nr_cpumask_bits:512 nr_cpu_ids:2 nr_node_ids:1
[    0.000000] PERCPU: Embedded 33 pages/cpu @ffff88003fc00000 s98264 r8192 d28712 u1048576
[    0.000000] PV qspinlock hash table entries: 256 (order: 0, 4096 bytes)
[    0.000000] Built 1 zonelists in Node order, mobility grouping on.  Total pages: 257913
[    0.000000] Policy zone: DMA32
[    0.000000] Kernel command line: BOOT_IMAGE=/boot/vmlinuz-4.4.0-72-generic root=UUID=3f513ff0-5157-487f-95f9-0886b2752eda ro console=tty1 console=ttyS0
[    0.000000] PID hash table entries: 4096 (order: 3, 32768 bytes)
[    0.000000] Memory: 997352K/1048120K available (8452K kernel code, 1293K rwdata, 3976K rodata, 1484K init, 1316K bss, 50768K reserved, 0K cma-reserved)
[    0.000000] SLUB: HWalign=64, Order=0-3, MinObjects=0, CPUs=2, Nodes=1
[    0.000000] Hierarchical RCU implementation.
[    0.000000] 	Build-time adjustment of leaf fanout to 64.
[    0.000000] 	RCU restricting CPUs from NR_CPUS=512 to nr_cpu_ids=2.
[    0.000000] RCU: Adjusting geometry for rcu_fanout_leaf=64, nr_cpu_ids=2
[    0.000000] NR_IRQS:33024 nr_irqs:440 16
[    0.000000] Console: colour VGA+ 80x25
[    0.000000] console [tty1] enabled
[    0.000000] console [ttyS0] enabled
[    0.000000] tsc: Detected 2494.226 MHz processor
[    8.659886] Calibrating delay loop (skipped) preset value.. 4988.45 BogoMIPS (lpj=9976904)
[    8.773681] pid_max: default: 32768 minimum: 301
[    8.794102] ACPI: Core revision 20150930
[    8.795524] ACPI: 2 ACPI AML tables successfully acquired and loaded
[    8.796596] Security Framework initialized
[    8.837887] Yama: becoming mindful.
[    8.897886] AppArmor: AppArmor initialized
[    8.959652] Dentry cache hash table entries: 131072 (order: 8, 1048576 bytes)
[    9.081988] Inode-cache hash table entries: 65536 (order: 7, 524288 bytes)
[    9.169038] Mount-cache hash table entries: 2048 (order: 2, 16384 bytes)
[    9.239637] Mountpoint-cache hash table entries: 2048 (order: 2, 16384 bytes)
[    9.281350] Initializing cgroup subsys io
[    9.291312] Initializing cgroup subsys memory
[    9.297699] Initializing cgroup subsys devices
[    9.317770] Initializing cgroup subsys freezer
[    9.388563] Initializing cgroup subsys net_cls
[    9.470311] Initializing cgroup subsys perf_event
[    9.550858] Initializing cgroup subsys net_prio
[    9.629417] Initializing cgroup subsys hugetlb
[    9.691627] Initializing cgroup subsys pids
[    9.692403] CPU: Physical Processor ID: 0
[    9.758537] CPU: Processor Core ID: 0
[    9.816994] mce: CPU supports 0 MCE banks
[    9.855658] Last level iTLB entries: 4KB 1024, 2MB 1024, 4MB 1024
[    9.926394] Last level dTLB entries: 4KB 1024, 2MB 1024, 4MB 1024, 1GB 4
[   10.003420] Freeing SMP alternatives memory: 32K (ffffffff820b8000 - ffffffff820c0000)
[   10.034059] ftrace: allocating 32111 entries in 126 pages
[   10.147511] smpboot: APIC(0) Converting physical 0 to logical package 0
[   10.269769] smpboot: Max logical packages: 1
[   10.341726] x2apic enabled
[   10.377527] Switched APIC routing to physical x2apic.
[   10.379312] ..TIMER: vector=0x30 apic1=0 pin1=2 apic2=-1 pin2=-1
[   10.485366] smpboot: CPU0: Intel(R) Core(TM) i7-4870HQ CPU @ 2.50GHz (family: 0x6, model: 0x46, stepping: 0x1)
[   10.656049] Performance Events: unsupported p6 CPU model 70 no PMU driver, software events only.
[   10.699030] KVM setup paravirtual spinlock
[   10.718598] x86: Booting SMP configuration:
[   10.733333] .... node  #0, CPUs:      #1
[   10.742437] kvm-clock: cpu 1, msr 0:3ffe3041, secondary cpu clock
[   10.766224] mce: CPU supports 0 MCE banks
[   10.818189] x86: Booted up 1 node, 2 CPUs
[   10.848521] smpboot: Total of 2 processors activated (9976.90 BogoMIPS)
[   10.899633] devtmpfs: initialized
[   10.933139] evm: security.selinux
[   10.954678] evm: security.SMACK64
[   10.968129] evm: security.SMACK64EXEC
[   10.968764] evm: security.SMACK64TRANSMUTE
[   10.969443] evm: security.SMACK64MMAP
[   10.970088] evm: security.ima
[   10.970640] evm: security.capability
[   10.993850] clocksource: jiffies: mask: 0xffffffff max_cycles: 0xffffffff, max_idle_ns: 7645041785100000 ns
[   11.108929] pinctrl core: initialized pinctrl subsystem
[   11.111027] RTC time:  0:17:38, date: 04/24/17
[   11.162258] NET: Registered protocol family 16
[   11.221476] cpuidle: using governor ladder
[   11.245736] cpuidle: using governor menu
[   11.314948] PCCT header not found.
[   11.365913] ACPI: bus type PCI registered
[   11.441823] acpiphp: ACPI Hot Plug PCI Controller Driver version: 0.5
[   11.564561] PCI: Using configuration type 1 for base access
[   11.662430] ACPI: Added _OSI(Module Device)
[   11.698746] ACPI: Added _OSI(Processor Device)
[   11.715222] ACPI: Added _OSI(3.0 _SCP Extensions)
[   11.743013] ACPI: Added _OSI(Processor Aggregator Device)
[   11.784523] ACPI: Executed 1 blocks of module-level executable AML code
[   11.838040] ACPI: Interpreter enabled
[   11.855787] ACPI: (supports S0 S5)
[   11.909652] ACPI: Using IOAPIC for interrupt routing
[   11.960527] PCI: Using host bridge windows from ACPI; if necessary, use "pci=nocrs" and report a bug
[   11.965420] ACPI: PCI Root Bridge [PCI0] (domain 0000 [bus 00-ff])
[   12.019847] acpi PNP0A03:00: _OSC: OS supports [ASPM ClockPM Segments MSI]
[   12.049330] acpi PNP0A03:00: _OSC failed (AE_NOT_FOUND); disabling ASPM
[   12.076084] acpi PNP0A03:00: fail to add MMCONFIG information, can't access extended PCI configuration space under this bridge.
[   12.098604] PCI host bridge to bus 0000:00
[   12.141026] pci_bus 0000:00: root bus resource [io  0x0000-0x0cf7 window]
[   12.210367] pci_bus 0000:00: root bus resource [io  0x0d00-0xffff window]
[   12.291479] pci_bus 0000:00: root bus resource [mem 0x000a0000-0x000bffff window]
[   12.292726] pci_bus 0000:00: root bus resource [mem 0x40000000-0xffdfffff window]
[   12.314342] pci_bus 0000:00: root bus resource [bus 00-ff]
[   12.335597] pci 0000:00:01.1: legacy IDE quirk: reg 0x10: [io  0x01f0-0x01f7]
[   12.406384] pci 0000:00:01.1: legacy IDE quirk: reg 0x14: [io  0x03f6]
[   12.463140] pci 0000:00:01.1: legacy IDE quirk: reg 0x18: [io  0x0170-0x0177]
[   12.515823] pci 0000:00:01.1: legacy IDE quirk: reg 0x1c: [io  0x0376]
[   12.539849] pci 0000:00:07.0: quirk: [io  0x4000-0x403f] claimed by PIIX4 ACPI
[   12.618177] pci 0000:00:07.0: quirk: [io  0x4100-0x410f] claimed by PIIX4 SMB
[   12.681741] ACPI: PCI Interrupt Link [LNKA] (IRQs 5 9 10 *11)
[   12.774759] ACPI: PCI Interrupt Link [LNKB] (IRQs 5 9 10 *11)
[   12.857560] ACPI: PCI Interrupt Link [LNKC] (IRQs 5 9 *10 11)
[   12.941321] ACPI: PCI Interrupt Link [LNKD] (IRQs 5 *9 10 11)
[   13.012203] ACPI: Enabled 2 GPEs in block 00 to 07
[   13.034136] vgaarb: setting as boot device: PCI:0000:00:02.0
[   13.054012] vgaarb: device added: PCI:0000:00:02.0,decodes=io+mem,owns=io+mem,locks=none
[   13.114522] vgaarb: loaded
[   13.127359] vgaarb: bridge control possible 0000:00:02.0
[   13.207170] SCSI subsystem initialized
[   13.241797] ACPI: bus type USB registered
[   13.242498] usbcore: registered new interface driver usbfs
[   13.243360] usbcore: registered new interface driver hub
[   13.244195] usbcore: registered new device driver usb
[   13.245243] PCI: Using ACPI for IRQ routing
[   13.246342] NetLabel: Initializing
[   13.259004] NetLabel:  domain hash size = 128
[   13.259719] NetLabel:  protocols = UNLABELED CIPSOv4
[   13.308444] NetLabel:  unlabeled traffic allowed by default
[   13.407777] amd_nb: Cannot enumerate AMD northbridges
[   13.415673] clocksource: Switched to clocksource kvm-clock
[   13.496177] AppArmor: AppArmor Filesystem Enabled
[   13.529993] pnp: PnP ACPI init
[   13.531355] pnp: PnP ACPI: found 3 devices
[   13.540898] clocksource: acpi_pm: mask: 0xffffff max_cycles: 0xffffff, max_idle_ns: 2085701024 ns
[   13.689013] NET: Registered protocol family 2
[   13.784474] TCP established hash table entries: 8192 (order: 4, 65536 bytes)
[   13.920752] TCP bind hash table entries: 8192 (order: 5, 131072 bytes)
[   14.049887] TCP: Hash tables configured (established 8192 bind 8192)
[   14.199053] UDP hash table entries: 512 (order: 2, 16384 bytes)
[   14.332775] UDP-Lite hash table entries: 512 (order: 2, 16384 bytes)
[   14.487939] NET: Registered protocol family 1
[   14.590917] pci 0000:00:00.0: Limiting direct PCI/PCI transfers
[   14.744496] pci 0000:00:01.0: Activating ISA DMA hang workarounds
[   14.882404] Unpacking initramfs...
[   15.160634] Freeing initrd memory: 15228K (ffff880036232000 - ffff880037111000)
[   15.268296] platform rtc_cmos: registered platform RTC device (no PNP device found)
[   15.372421] Scanning for low memory corruption every 60 seconds
[   15.488114] futex hash table entries: 512 (order: 3, 32768 bytes)
[   15.626333] audit: initializing netlink subsys (disabled)
[   15.732242] audit: type=2000 audit(1492993054.502:1): initialized
[   15.857963] Initialise system trusted keyring
[   15.959797] HugeTLB registered 2 MB page size, pre-allocated 0 pages
[   16.100159] zbud: loaded
[   16.159488] VFS: Disk quotas dquot_6.6.0
[   16.257772] VFS: Dquot-cache hash table entries: 512 (order 0, 4096 bytes)
[   16.372515] tsc: Refined TSC clocksource calibration: 2493.639 MHz
[   16.373442] clocksource: tsc: mask: 0xffffffffffffffff max_cycles: 0x23f1c0e08a5, max_idle_ns: 440795275077 ns
[   16.502199] squashfs: version 4.0 (2009/01/31) Phillip Lougher
[   16.504925] fuse init (API version 7.23)
[   16.563875] Key type big_key registered
[   16.619940] Allocating IMA MOK and blacklist keyrings.
[   16.747976] Key type asymmetric registered
[   16.798263] Asymmetric key parser 'x509' registered
[   16.857853] Block layer SCSI generic (bsg) driver version 0.4 loaded (major 249)
[   16.958035] io scheduler noop registered
[   16.969462] io scheduler deadline registered (default)
[   16.970316] io scheduler cfq registered
[   16.971097] pci_hotplug: PCI Hot Plug PCI Core version: 0.5
[   16.972024] pciehp: PCI Express Hot Plug Controller Driver version: 0.4
[   16.973367] ACPI: AC Adapter [AC] (on-line)
[   17.004551] input: Power Button as /devices/LNXSYSTM:00/LNXPWRBN:00/input/input0
[   17.111400] ACPI: Power Button [PWRF]
[   17.185030] input: Sleep Button as /devices/LNXSYSTM:00/LNXSLPBN:00/input/input1
[   17.245184] ACPI: Sleep Button [SLPF]
[   17.296928] GHES: HEST is not enabled!
[   17.298636] ACPI: Battery Slot [BAT0] (battery present)
[   17.408769] Serial: 8250/16550 driver, 32 ports, IRQ sharing enabled
[   17.481167] 00:02: ttyS0 at I/O 0x3f8 (irq = 4, base_baud = 115200) is a 16550A
[   17.592143] Linux agpgart interface v0.103
[   17.595651] loop: module loaded
[   17.645032] scsi host0: ata_piix
[   17.680820] scsi host1: ata_piix
[   17.723599] ata1: PATA max UDMA/33 cmd 0x1f0 ctl 0x3f6 bmdma 0xd000 irq 14
[   17.809809] ata2: PATA max UDMA/33 cmd 0x170 ctl 0x376 bmdma 0xd008 irq 15
[   17.883493] libphy: Fixed MDIO Bus: probed
[   17.885428] tun: Universal TUN/TAP device driver, 1.6
[   17.910452] tun: (C) 1999-2004 Max Krasnyansky <maxk@qualcomm.com>
[   18.052398] PPP generic driver version 2.4.2
[   18.147761] ehci_hcd: USB 2.0 'Enhanced' Host Controller (EHCI) Driver
[   18.223838] ehci-pci: EHCI PCI platform driver
[   18.258639] ehci-platform: EHCI generic platform driver
[   18.384531] ohci_hcd: USB 1.1 'Open' Host Controller (OHCI) Driver
[   18.515390] ohci-pci: OHCI PCI platform driver
[   18.529471] ohci-platform: OHCI generic platform driver
[   18.552932] uhci_hcd: USB Universal Host Controller Interface driver
[   18.561830] i8042: PNP: PS/2 Controller [PNP0303:PS2K,PNP0f03:PS2M] at 0x60,0x64 irq 1,12
[   18.643691] serio: i8042 KBD port at 0x60,0x64 irq 1
[   18.644496] serio: i8042 AUX port at 0x60,0x64 irq 12
[   18.645392] mousedev: PS/2 mouse device common for all mice
[   18.692442] rtc_cmos rtc_cmos: rtc core: registered rtc_cmos as rtc0
[   18.743854] input: AT Translated Set 2 keyboard as /devices/platform/i8042/serio0/input/input2
[   18.745503] rtc_cmos rtc_cmos: alarms up to one day, 114 bytes nvram
[   18.761788] i2c /dev entries driver
[   18.762470] device-mapper: uevent: version 1.0.3
[   18.788626] device-mapper: ioctl: 4.34.0-ioctl (2015-10-28) initialised: dm-devel@redhat.com
[   18.957619] ledtrig-cpu: registered to indicate activity on CPUs
[   19.123568] NET: Registered protocol family 10
[   19.249536] NET: Registered protocol family 17
[   19.364362] Key type dns_resolver registered
[   19.512779] microcode: CPU0 sig=0x40661, pf=0x40, revision=0x0
[   19.580424] microcode: CPU1 sig=0x40661, pf=0x40, revision=0x0
[   19.608753] microcode: Microcode Update Driver: v2.01 <tigran@aivazian.fsnet.co.uk>, Peter Oruba
[   19.630923] registered taskstats version 1
[   19.651229] Loading compiled-in X.509 certificates
[   19.724941] Loaded X.509 cert 'Build time autogenerated kernel key: 04ae903e4643330d1fe41947e79c28b436494994'
[   19.917379] zswap: loaded using pool lzo/zbud
[   19.962130] Key type trusted registered
[   19.982484] Key type encrypted registered
[   20.011434] AppArmor: AppArmor sha1 policy hashing enabled
[   20.012311] ima: No TPM chip found, activating TPM-bypass!
[   20.013184] evm: HMAC attrs: 0x1
[   20.044696]   Magic number: 13:506:254
[   20.086000] rtc_cmos rtc_cmos: setting system clock to 2017-04-24 00:17:47 UTC (1492993067)
[   20.267670] BIOS EDD facility v0.16 2004-Jun-25, 0 devices found
[   20.294200] EDD information not available.
[   20.295984] Freeing unused kernel memory: 1484K (ffffffff81f45000 - ffffffff820b8000)
[   20.365544] Write protecting the kernel read-only data: 14336k
[   20.431649] Freeing unused kernel memory: 1776K (ffff880001844000 - ffff880001a00000)
[   20.685060] Freeing unused kernel memory: 120K (ffff880001de2000 - ffff880001e00000)
Loading, please wait...
starting version[   20.711725] random: systemd-udevd: uninitialized urandom read (16 bytes read, 4 bits of entropy available)
 229
[   20.712379] random: udevadm: uninitialized urandom read (16 bytes read, 4 bits of entropy available)
[   20.712411] random: udevadm: uninitialized urandom read (16 bytes read, 4 bits of entropy available)
[   20.712498] random: udevadm: uninitialized urandom read (16 bytes read, 4 bits of entropy available)
[   20.712530] random: udevadm: uninitialized urandom read (16 bytes read, 4 bits of entropy available)
[   20.712559] random: udevadm: uninitialized urandom read (16 bytes read, 4 bits of entropy available)
[   20.712590] random: udevadm: uninitialized urandom read (16 bytes read, 4 bits of entropy available)
[   20.712620] random: udevadm: uninitialized urandom read (16 bytes read, 4 bits of entropy available)
[   20.712647] random: udevadm: uninitialized urandom read (16 bytes read, 4 bits of entropy available)
[   20.712686] random: udevadm: uninitialized urandom read (16 bytes read, 4 bits of entropy available)
[   22.505350] e1000: Intel(R) PRO/1000 Network Driver - version 7.3.21-k8-NAPI
[   22.565663] e1000: Copyright (c) 1999-2006 Intel Corporation.
[   22.570301] Fusion MPT base driver 3.04.20
[   22.640885] Copyright (c) 1999-2008 LSI Corporation
[   22.715424] Fusion MPT SPI Host driver 3.04.20
[   22.850894] AVX version of gcm_enc/dec engaged.
[   22.876637] AES CTR mode by8 optimization enabled
[   22.914677] input: ImExPS/2 Generic Explorer Mouse as /devices/platform/i8042/serio1/input/input4
[   23.200681] e1000 0000:00:03.0 eth0: (PCI:33MHz:32-bit) 02:6f:83:38:c1:e5
[   23.328114] e1000 0000:00:03.0 eth0: Intel(R) PRO/1000 Network Connection
[   23.712134] e1000 0000:00:08.0 eth1: (PCI:33MHz:32-bit) 08:00:27:4f:ea:7b
[   23.776737] e1000 0000:00:08.0 eth1: Intel(R) PRO/1000 Network Connection
[   23.825410] mptbase: ioc0: Initiating bringup
[   23.826222] e1000 0000:00:08.0 enp0s8: renamed from eth1
[   23.872653] e1000 0000:00:03.0 enp0s3: renamed from eth0
[   23.944239] ioc0: LSI53C1030 A0: Capabilities={Initiator}
[   24.111230] scsi host2: ioc0: LSI53C1030 A0, FwRev=00000000h, Ports=1, MaxQ=256, IRQ=20
[   24.320839] scsi 2:0:0:0: Direct-Access     VBOX     HARDDISK         1.0  PQ: 0 ANSI: 5
[   24.465762] scsi target2:0:0: Beginning Domain Validation
[   24.561966] scsi target2:0:0: Domain Validation skipping write tests
[   24.671396] scsi target2:0:0: Ending Domain Validation
[   24.768296] scsi target2:0:0: asynchronous
[   24.882527] scsi 2:0:1:0: Direct-Access     VBOX     HARDDISK         1.0  PQ: 0 ANSI: 5
[   24.957227] scsi target2:0:1: Beginning Domain Validation
[   25.032091] scsi target2:0:1: Domain Validation skipping write tests
[   25.057126] scsi target2:0:1: Ending Domain Validation
[   25.061653] scsi target2:0:1: asynchronous
[   25.067142] sd 2:0:0:0: [sda] 20971520 512-byte logical blocks: (10.7 GB/10.0 GiB)
[   25.106129] sd 2:0:0:0: Attached scsi generic sg0 type 0
[   25.108763] sd 2:0:0:0: [sda] Write Protect is off
[   25.108912] sd 2:0:0:0: [sda] Incomplete mode parameter data
[   25.108914] sd 2:0:0:0: [sda] Assuming drive cache: write through
[   25.170890]  sda: sda1
[   25.171852] sd 2:0:0:0: [sda] Attached SCSI disk
[   25.662030] sd 2:0:1:0: Attached scsi generic sg1 type 0
[   25.662257] sd 2:0:1:0: [sdb] 20480 512-byte logical blocks: (10.5 MB/10.0 MiB)
[   25.662595] sd 2:0:1:0: [sdb] Write Protect is off
[   25.662789] sd 2:0:1:0: [sdb] Incomplete mode parameter data
[   25.662790] sd 2:0:1:0: [sdb] Assuming drive cache: write through
[   25.666505] sd 2:0:1:0: [sdb] Attached SCSI disk
[   25.984298] floppy0: no floppy controllers found
[   25.984338] work still pending
Begin: Loading e[   27.472363] md: linear personality registered for level -1
ssential drivers[   27.502009] md: multipath personality registered for level -4
 ... [   27.561153] md: raid0 personality registered for level 0
[   27.587905] md: raid1 personality registered for level 1
[   27.671726] raid6: sse2x1   gen()  8989 MB/s
[   27.748224] raid6: sse2x1   xor()  7708 MB/s
[   27.876047] raid6: sse2x2   gen() 12890 MB/s
[   28.056548] raid6: sse2x2   xor()  8494 MB/s
[   28.219498] raid6: sse2x4   gen() 15588 MB/s
[   28.360355] raid6: sse2x4   xor() 10406 MB/s
[   28.473993] raid6: using algorithm sse2x4 gen() 15588 MB/s
[   28.609440] raid6: .... xor() 10406 MB/s, rmw enabled
[   28.746056] raid6: using ssse3x2 recovery algorithm
[   28.841164] xor: automatically using best checksumming function:
[   29.015953]    avx       : 23199.000 MB/sec
[   29.122151] async_tx: api initialized (async)
[   29.305449] md: raid6 personality registered for level 6
[   29.384327] md: raid5 personality registered for level 5
[   29.448973] md: raid4 personality registered for level 4
[   29.588778] md: raid10 personality registered for level 10
done.
Begin: Running /scripts/init-premount ... done.
Begin: Mounting root file syst[   29.703036] Btrfs loaded
em ... Begin: Running /scripts/local-top ... done.
Begin: Running /scripts/local-premount ... Scanning for Btrfs filesystems
done.
Warning: fsck not present, so sk[   29.795711] EXT4-fs (sda1): mounted filesystem with ordered data mode. Opts: (null)
ipping root file system
done.
Begin: Running /scripts/local-bottom ... done.
Begin: Running /scripts/init-bottom ... done.
[   30.120146] systemd[1]: systemd 229 running in system mode. (+PAM +AUDIT +SELINUX +IMA +APPARMOR +SMACK +SYSVINIT +UTMP +LIBCRYPTSETUP +GCRYPT +GNUTLS +ACL +XZ -LZ4 +SECCOMP +BLKID +ELFUTILS +KMOD -IDN)
[   30.194066] systemd[1]: Detected virtualization oracle.
[   30.276314] systemd[1]: Detected architecture x86-64.

Welcome to [1mUbuntu 16.04.2 LTS[0m!

[   30.348866] systemd[1]: Set hostname to <ubuntu-xenial>.
[   30.533126] systemd[1]: Reached target User and Group Name Lookups.
[[0;32m  OK  [0m] Reached target User and Group Name Lookups.
[   30.716133] systemd[1]: Listening on LVM2 poll daemon socket.
[[0;32m  OK  [0m] Listening on LVM2 poll daemon socket.
[   30.888460] systemd[1]: Created slice System Slice.
[[0;32m  OK  [0m] Created slice System Slice.
[   31.048464] systemd[1]: Created slice system-serial\x2dgetty.slice.
[[0;32m  OK  [0m] Created slice system-serial\x2dgetty.slice.
[   31.230237] systemd[1]: Listening on Device-mapper event daemon FIFOs.
[[0;32m  OK  [0m] Listening on Device-mapper event daemon FIFOs.
[   31.249073] systemd[1]: Listening on Journal Socket.
[[0;32m  OK  [0m] Listening on Journal Socket.
[   31.264171] systemd[1]: Mounting POSIX Message Queue File System...
         Mounting POSIX Message Queue File System...
[   31.353238] systemd[1]: Mounting Huge Pages File System...
         Mounting Huge Pages File System...
[   31.480442] systemd[1]: Starting Nameserver information manager...
         Starting Nameserver information manager...
[   31.544019] systemd[1]: Reached target Encrypted Volumes.
[[0;32m  OK  [0m] Reached target Encrypted Volumes.
[   31.664621] systemd[1]: Reached target Swap.
[[0;32m  OK  [0m] Reached target Swap.
[   31.692303] systemd[1]: Mounting Debug File System...
         Mounting Debug File System...
[   31.732361] systemd[1]: Starting Remount Root and Kernel File Systems...
         [   31.793196] EXT4-fs (sda1): re-mounted. Opts: (null)
Starting Remount Root and Kernel File Systems...
[   31.900440] systemd[1]: Listening on udev Control Socket.
[[0;32m  OK  [0m] Listening on udev Control Socket.
[   32.060075] systemd[1]: Listening on Syslog Socket.
[[0;32m  OK  [0m] Listening on Syslog Socket.
[   32.188406] systemd[1]: Listening on Journal Socket (/dev/log).
[[0;32m  OK  [0m] Listening on Journal Socket (/dev/log).
[   32.320099] systemd[1]: Started Forward Password Requests to Wall Directory Watch.
[[0;32m  OK  [0m] Started Forward Password Requests to Wall Directory Watch.
[   32.507270] systemd[1]: Listening on udev Kernel Socket.
[[0;32m  OK  [0m] Listening on udev Kernel Socket.
[   32.647939] systemd[1]: Starting Uncomplicated firewall...
         Starting Uncomplicated firewall...
[   32.744347] systemd[1]: Listening on /dev/initctl Compatibility Named Pipe.
[[0;32m  OK  [0m] Listening on /dev/initctl Compatibility Named Pipe.
[   32.936093] systemd[1]: Starting Create list of required static device nodes for the current kernel...
[   33.076713] random: nonblocking pool is initialized
         Starting Create list of required st... nodes for the current kernel...
[   33.200953] systemd[1]: Created slice User and Session Slice.
[[0;32m  OK  [0m] Created slice User and Session Slice.
[   33.214593] systemd[1]: Reached target Slices.
[[0;32m  OK  [0m] Reached target Slices.
[   33.236169] systemd[1]: Listening on LVM2 metadata daemon socket.
[[0;32m  OK  [0m] Listening on LVM2 metadata daemon socket.
[   33.448385] systemd[1]: Starting Monitoring of LVM2 mirrors, snapshots etc. using dmeventd or progress polling...
         Starting Monitoring of LVM2 mirrors... dmeventd or progress polling...
[   33.683776] systemd[1]: Starting Load Kernel Modules...
         Starting Load Ke[   33.738525] Loading iSCSI transport class v2.0-870.
rnel Modules...[   33.802016] iscsi: registered transport (tcp)

[   33.875244] systemd[1]: Listening on Journal Audit Socket.
[[0;32m  OK  [0m] Listening on [   33.980766] iscsi: registered transport (iser)
Journal Audit Socket.
[   34.142923] systemd[1]: Starting Journal Service...
         Starting Journal Service...
[   34.236546] systemd[1]: Set up automount Arbitrary Executable File Formats File System Automount Point.
[[0;32m  OK  [0m] Set up automount Arbitrary Executab...ats File System Automount Point.
[   34.328094] systemd[1]: Starting Set console keymap...
         Starting Set console keymap...
[   34.343623] systemd[1]: Mounted Debug File System.
[[0;32m  OK  [0m] Mounted Debug File System.
[   34.345461] systemd[1]: Mounted Huge Pages File System.
[[0;32m  OK  [0m] Mounted Huge Pages File System.
[   34.412076] systemd[1]: Mounted POSIX Message Queue File System.
[[0;32m  OK  [0m] Mounted POSIX Message Queue File System.
[   34.596741] systemd[1]: Started Journal Service.
[[0;32m  OK  [0m] Started Journal Service.
[[0;32m  OK  [0m] Started Remount Root and Kernel File Systems.
[[0;32m  OK  [0m] Started Uncomplicated firewall.
[[0;32m  OK  [0m] Started Create list of required sta...ce nodes for the current kernel.
[[0;32m  OK  [0m] Started Load Kernel Modules.
[[0;32m  OK  [0m] Started Set console keymap.
[[0;32m  OK  [0m] Started Nameserver information manager.
[[0;32m  OK  [0m] Started LVM2 metadata daemon.
         Starting Apply Kernel Variables...
         Mounting FUSE Control File System...
         Starting Create Static Device Nodes in /dev...
         Starting Initial cloud-init job (pre-networking)...
         Starting udev Coldplug all Devices...
         Starting Load/Save Random Seed...
         Starting Flush Journal to Persistent Storage...
[[0;32m  OK  [0m] Mounted FUSE Control File System.
[[0;32m  OK  [0m] Started Apply Kernel Variables.
[[0;32m  OK  [0m] Started Create Static Device Nodes in /dev.
[[0;32m  OK  [0m] Started Load/Save Random Seed.
[[0;32m  OK  [0m] Started udev Coldplug all Devices.
[[0;32m  OK  [0m] Started Flush Journal to Persistent Storage.
         Starting udev Kernel Device Manager...
[[0;32m  OK  [0m] Started Monitoring of LVM2 mirrors,...ng dmeventd or progress polling.
[[0;32m  OK  [0m] Started udev Kernel Device Manager.
[[0;32m  OK  [0m] Started Dispatch Password Requests to Console Directory Watch.
[[0;32m  OK  [0m] Reached target Local File Systems (Pre).
[[0;32m  OK  [0m] Reached target Local File Systems.
         Starting LSB: AppArmor initialization...
         Starting Create Volatile Files and Directories...
         Starting Set console font and keymap...
[   23.073462] cloud-init[452]: Cloud-init v. 0.7.9 running 'init-local' at Mon, 24 Apr 2017 00:18:03 +0000. Up 22.84 seconds.
         Starting Tell Plymouth To Write Out Runtime Data...
[[0;32m  OK  [0m] Started Create Volatile Files and Directories.
[[0;32m  OK  [0m] Started Tell Plymouth To Write Out Runtime Data.
[[0;32m  OK  [0m] Started Initial cloud-init job (pre-networking).
[[0;32m  OK  [0m] Started Set console font and keymap.
[[0;32m  OK  [0m] Found device /dev/ttyS0.
[[0;32m  OK  [0m] Listening on Load/Save RF Kill Switch Status /dev/rfkill Watch.
[[0;32m  OK  [0m] Created slice system-getty.slice.
[[0;32m  OK  [0m] Reached target Network (Pre).
         Starting Update UTMP about System Boot/Shutdown...
[[0;32m  OK  [0m] Reached target System Time Synchronized.
[[0;32m  OK  [0m] Started LSB: AppArmor initialization.
[[0;32m  OK  [0m] Started ifup for enp0s3.
         Starting Raise network interfaces...
[[0;32m  OK  [0m] Started ifup for enp0s8.
[[0;32m  OK  [0m] Started Update UTMP about System Boot/Shutdown.
[[0;32m  OK  [0m] Started Raise network interfaces.
         Starting Initial cloud-init job (metadata service crawler)...
[[0;32m  OK  [0m] Reached target Network.
[   26.354144] cloud-init[1046]: Cloud-init v. 0.7.9 running 'init' at Mon, 24 Apr 2017 00:18:06 +0000. Up 26.15 seconds.
[   26.444540] cloud-init[1046]: ci-info: ++++++++++++++++++++++++++++++++++++++Net device info++++++++++++++++++++++++++++++++++++++
[   26.444850] cloud-init[1046]: ci-info: +--------+------+-----------------------------+---------------+-------+-------------------+
[[0;32m  OK  [0m] Started Initial cloud-init job (metadata service crawler).
[   26.445047] cloud-init[1046]: ci-info: | Device |  Up  |           Address           |      Mask     | Scope |     Hw-Address    |
[   26.760412] cloud-init[1046]: ci-info: +--------+------+-----------------------------+---------------+-------+-------------------+
[   26.760673] cloud-init[1046]: ci-info: | enp0s8 | True |        192.168.33.10        | 255.255.255.0 |   .   | 08:00:27:4f:ea:7b |
[[0;32m  OK  [0m] Reached target Cloud-config availability.
[[   26.760774] cloud-init[1046]: ci-info: | enp0s8 | True | fe80::a00:27ff:fe4f:ea7b/64 |       .       |  link | 08:00:27:4f:ea:7b |
[   26.881123] cloud-init[1046]: ci-info: | enp0s3 | True |          10.0.2.15          | 255.255.255.0 |   .   | 02:6f:83:38:c1:e5 |
[0;32m  OK  [0m] Reached target System Initialization.
[   26.881202] cloud-init[1046]: ci-info: | enp0s3 | True |  fe80::6f:83ff:fe38:c1e5/64 |       .       |  link | 02:6f:83:38:c1:e5 |
[   27.172556] cloud-init[1046]: ci-info: |   lo   | True |          127.0.0.1          |   255.0.0.0   |   .   |         .         |
[   27.172827] cloud-init[1046]: ci-info: |   lo   | True |           ::1/128           |       .       |  host |         .         |
[[0;32m  OK  [0m] Started Daily apt activities.
[[   27.172990] cloud-init[1046]: ci-info: +--------+------+-----------------------------+---------------+-------+-------------------+
[   27.357674] cloud-init[1046]: ci-info: ++++++++++++++++++++++++++++Route IPv4 info++++++++++++++++++++++++++++
[0;32m  OK  [0m] Started Trigger resolvconf update for networkd DNS.
[   27.357783] cloud-init[1046]: ci-info: +-------+--------------+----------+---------------+-----------+-------+
[   27.644394] cloud-init[1046]: ci-info: | Route | Destination  | Gateway  |    Genmask    | Interface | Flags |
[   27.644740] cloud-init[1046]: ci-info: +-------+--------------+----------+---------------+-----------+-------+
[[0;32m  OK  [0m] Listening on UUID daemon activation socket.
[   27.644882] cloud-init[1046]: ci-info: |   0   |   0.0.0.0    | 10.0.2.2 |    0.0.0.0    |   enp0s3  |   UG  |
[   27.924638] cloud-init[1046]: ci-info: |   1   |   10.0.2.0   | 0.0.0.0  | 255.255.255.0 |   enp0s3  |   U   |
[   27.924990] cloud-init[1046]: ci-info: |   2   | 192.168.33.0 | 0.0.0.0  | 255.255.255.0 |   enp0s8  |   U   |
         Starting LXD - unix socket.
[[   27.925238] cloud-init[1046]: ci-info: +-------+--------------+----------+---------------+-----------+-------+
[0;32m  OK  [0m] Started Daily Cleanup of Temporary Directories.
[[0;32m  OK  [0m] Listening on D-Bus System Message Bus Socket.
[[0;32m  OK  [0m] Started Timer to automatically refresh installed snaps.
[[0;32m  OK  [0m] Reached target Timers.
[[0;32m  OK  [0m] Listening on ACPID Listen Socket.
         Starting Socket activation for snappy daemon.
[[0;32m  OK  [0m] Started ACPI Events Check.
[[0;32m  OK  [0m] Reached target Paths.
[[0;32m  OK  [0m] Reached target Network is Online.
         Starting iSCSI initiator daemon (iscsid)...
[[0;32m  OK  [0m] Listening on LXD - unix socket.
[[0;32m  OK  [0m] Listening on Socket activation for snappy daemon.
[[0;32m  OK  [0m] Reached target Sockets.
[[0;32m  OK  [0m] Reached target Basic System.
         Starting MySQL Community Server...
[[0;32m  OK  [0m] Started ACPI event daemon.
[[0;32m  OK  [0m] Started Deferred execution scheduler.
         Starting A high performance web server and a reverse proxy server...
         Starting /etc/rc.local Compatibility...
         Starting Daily apt activities...
         Starting Login Service...
         Starting LSB: MD monitoring daemon...
         Starting The PHP 7.0 FastCGI Process Manager...
[[0;32m  OK  [0m] Started Snappy daemon.
         Starting Apply the settings specified in cloud-config...
         Starting LSB: Record successful boot for GRUB...
         Starting OpenBSD Secure Shell server...
[[0;32m  OK  [0m] Started FUSE filesystem for LXC.
[[0;32m  OK  [0m] Started D-Bus System Message Bus.
         Starting Auto import assertions from block devices...
         Starting System Logging Service...
[[0;32m  OK  [0m] Started Regular background program processing daemon.
[   29.301408] cloud-init[1143]: Cloud-init v. 0.7.9 running 'modules:config' at Mon, 24 Apr 2017 00:18:09 +0000. Up 29.23 seconds.
         Starting Accounts Service...
         Starting LXD - container startup/shutdown...
[[0;32m  OK  [0m] Started OpenBSD Secure Shell server.
[[0;32m  OK  [0m] Started System Logging Service.
[[0;32m  OK  [0m] Started iSCSI initiator daemon (iscsid).
[[0;32m  OK  [0m] Started /etc/rc.local Compatibility.
[[0;32m  OK  [0m] Started Apply the settings specified in cloud-config.
[[0;32m  OK  [0m] Started Auto import assertions from block devices.
[[0;32m  OK  [0m] Started LXD - container startup/shutdown.
[[0;32m  OK  [0m] Started A high performance web server and a reverse proxy server.
[[0;32m  OK  [0m] Started The PHP 7.0 FastCGI Process Manager.
[[0;32m  OK  [0m] Started LSB: MD monitoring daemon.
[[0;32m  OK  [0m] Started LSB: Record successful boot for GRUB.
[[0;32m  OK  [0m] Started Login Service.
         Starting Authenticate and Authorize Users to Run Privileged Tasks...
         Starting Login to default iSCSI targets...
[[0;32m  OK  [0m] Started Authenticate and Authorize Users to Run Privileged Tasks.
[[0;32m  OK  [0m] Started Accounts Service.
[[0;32m  OK  [0m] Started Login to default iSCSI targets.
[[0;32m  OK  [0m] Reached target Remote File Systems (Pre).
[[0;32m  OK  [0m] Reached target Remote File Systems.
         Starting LSB: Set the CPU Frequency Scaling governor to "ondemand"...
         Starting LSB: daemon to balance interrupts for SMP systems...
         Starting LSB: VirtualBox Linux Additions...
         Starting LSB: automatic crash report generation...
         Starting Permit User Sessions...
[[0;32m  OK  [0m] Started Permit User Sessions.
[[0;32m  OK  [0m] Started LSB: Set the CPU Frequency Scaling governor to "ondemand".
[[0;32m  OK  [0m] Started LSB: daemon to balance interrupts for SMP systems.
         Starting Terminate Plymouth Boot Screen...
         Starting Hold until boot process finishes up...
[[0;32m  OK  [0m] Started LSB: VirtualBox Linux Additions.
[[0;32m  OK  [0m] Started LSB: automatic crash report generation.
[[0;32m  OK  [0m] Started MySQL Community Server.
[[0;32m  OK  [0m] Started Terminate Plymouth Boot Screen.
[[0;32m  OK  [0m] Started Hold until boot process finishes up.
[[0;32m  OK  [0m] Created slice User Slice of ubuntu.
[[0;32m  OK  [0m] Started Session 1 of user ubuntu.
         Starting User Manager for UID 1000...
         Starting Set console scheme...
[[0;32m  OK  [0m] Started Getty on tty1.
[[0;32m  OK  [0m] Started Serial Getty on ttyS0.
[[0;32m  OK  [0m] Reached target Login Prompts.
[[0;32m  OK  [0m] Reached target Multi-User System.
[[0;32m  OK  [0m] Reached target Graphical Interface.
         Starting Update UTMP about System Runlevel Changes...
         Starting Execute cloud user/final scripts...
[[0;32m  OK  [0m] Started User Manager for UID 1000.
[[0;32m  OK  [0m] Started Set console scheme.
[[0;32m  OK  [0m] Started Update UTMP about System Runlevel Changes.
[   31.291385] cloud-init[1522]: Cloud-init v. 0.7.9 running 'modules:final' at Mon, 24 Apr 2017 00:18:11 +0000. Up 31.20 seconds.
[   31.392645] cloud-init[1522]: Cloud-init v. 0.7.9 finished at Mon, 24 Apr 2017 00:18:11 +0000. Datasource DataSourceNoCloud [seed=/dev/sdb][dsmode=net].  Up 31.28 seconds
[[0;32m  OK  [0m] Started Execute cloud user/final scripts.
[[0;32m  OK  [0m] Reached target Cloud-init target.
         Stopping User Manager for UID 1000...
[[0;32m  OK  [0m] Stopped User Manager for UID 1000.
[[0;32m  OK  [0m] Removed slice User Slice of ubuntu.

Ubuntu 16.04.2 LTS ubuntu-xenial ttyS0

ubuntu-xenial login: 