[    0.000000] Initializing cgroup subsys cpuset
[    0.000000] Initializing cgroup subsys cpu
[    0.000000] Initializing cgroup subsys cpuacct
[    0.000000] Linux version 4.4.0-75-generic (buildd@lgw01-21) (gcc version 5.4.0 20160609 (Ubuntu 5.4.0-6ubuntu1~16.04.4) ) #96-Ubuntu SMP Thu Apr 20 09:56:33 UTC 2017 (Ubuntu 4.4.0-75.96-generic 4.4.59)
[    0.000000] Command line: BOOT_IMAGE=/boot/vmlinuz-4.4.0-75-generic root=UUID=3f513ff0-5157-487f-95f9-0886b2752eda ro console=tty1 console=ttyS0
[    0.000000] KERNEL supported cpus:
[    0.000000]   Intel GenuineIntel
[    0.000000]   AMD AuthenticAMD
[    0.000000]   Centaur CentaurHauls
[    0.000000] x86/fpu: xstate_offset[2]:  576, xstate_sizes[2]:  256
[    0.000000] x86/fpu: Supporting XSAVE feature 0x01: 'x87 floating point registers'
[    0.000000] x86/fpu: Supporting XSAVE feature 0x02: 'SSE registers'
[    0.000000] x86/fpu: Supporting XSAVE feature 0x04: 'AVX registers'
[    0.000000] x86/fpu: Enabled xstate features 0x7, context size is 832 bytes, using 'standard' format.
[    0.000000] x86/fpu: Using 'lazy' FPU context switches.
[    0.000000] e820: BIOS-provided physical RAM map:
[    0.000000] BIOS-e820: [mem 0x0000000000000000-0x000000000009fbff] usable
[    0.000000] BIOS-e820: [mem 0x000000000009fc00-0x000000000009ffff] reserved
[    0.000000] BIOS-e820: [mem 0x00000000000f0000-0x00000000000fffff] reserved
[    0.000000] BIOS-e820: [mem 0x0000000000100000-0x000000003ffeffff] usable
[    0.000000] BIOS-e820: [mem 0x000000003fff0000-0x000000003fffffff] ACPI data
[    0.000000] BIOS-e820: [mem 0x00000000fec00000-0x00000000fec00fff] reserved
[    0.000000] BIOS-e820: [mem 0x00000000fee00000-0x00000000fee00fff] reserved
[    0.000000] BIOS-e820: [mem 0x00000000fffc0000-0x00000000ffffffff] reserved
[    0.000000] NX (Execute Disable) protection: active
[    0.000000] SMBIOS 2.5 present.
[    0.000000] Hypervisor detected: KVM
[    0.000000] e820: last_pfn = 0x3fff0 max_arch_pfn = 0x400000000
[    0.000000] MTRR: Disabled
[    0.000000] x86/PAT: MTRRs disabled, skipping PAT initialization too.
[    0.000000] x86/PAT: Configuration [0-7]: WB  WT  UC- UC  WB  WT  UC- UC  
[    0.000000] CPU MTRRs all blank - virtualized system.
[    0.000000] found SMP MP-table at [mem 0x0009fff0-0x0009ffff] mapped at [ffff88000009fff0]
[    0.000000] Scanning 1 areas for low memory corruption
[    0.000000] RAMDISK: [mem 0x36234000-0x37111fff]
[    0.000000] ACPI: Early table checksum verification disabled
[    0.000000] ACPI: RSDP 0x00000000000E0000 000024 (v02 VBOX  )
[    0.000000] ACPI: XSDT 0x000000003FFF0030 00003C (v01 VBOX   VBOXXSDT 00000001 ASL  00000061)
[    0.000000] ACPI: FACP 0x000000003FFF00F0 0000F4 (v04 VBOX   VBOXFACP 00000001 ASL  00000061)
[    0.000000] ACPI: DSDT 0x000000003FFF0470 00210F (v01 VBOX   VBOXBIOS 00000002 INTL 20100528)
[    0.000000] ACPI: FACS 0x000000003FFF0200 000040
[    0.000000] ACPI: FACS 0x000000003FFF0200 000040
[    0.000000] ACPI: APIC 0x000000003FFF0240 00005C (v02 VBOX   VBOXAPIC 00000001 ASL  00000061)
[    0.000000] ACPI: SSDT 0x000000003FFF02A0 0001CC (v01 VBOX   VBOXCPUT 00000002 INTL 20100528)
[    0.000000] No NUMA configuration found
[    0.000000] Faking a node at [mem 0x0000000000000000-0x000000003ffeffff]
[    0.000000] NODE_DATA(0) allocated [mem 0x3ffeb000-0x3ffeffff]
[    0.000000] kvm-clock: Using msrs 4b564d01 and 4b564d00
[    0.000000] kvm-clock: cpu 0, msr 0:3ffe3001, primary cpu clock
[    0.000000] kvm-clock: using sched offset of 3303097201 cycles
[    0.000000] clocksource: kvm-clock: mask: 0xffffffffffffffff max_cycles: 0x1cd42e4dffb, max_idle_ns: 881590591483 ns
[    0.000000] Zone ranges:
[    0.000000]   DMA      [mem 0x0000000000001000-0x0000000000ffffff]
[    0.000000]   DMA32    [mem 0x0000000001000000-0x000000003ffeffff]
[    0.000000]   Normal   empty
[    0.000000]   Device   empty
[    0.000000] Movable zone start for each node
[    0.000000] Early memory node ranges
[    0.000000]   node   0: [mem 0x0000000000001000-0x000000000009efff]
[    0.000000]   node   0: [mem 0x0000000000100000-0x000000003ffeffff]
[    0.000000] Initmem setup node 0 [mem 0x0000000000001000-0x000000003ffeffff]
[    0.000000] ACPI: PM-Timer IO Port: 0x4008
[    0.000000] IOAPIC[0]: apic_id 2, version 32, address 0xfec00000, GSI 0-23
[    0.000000] ACPI: INT_SRC_OVR (bus 0 bus_irq 0 global_irq 2 dfl dfl)
[    0.000000] ACPI: INT_SRC_OVR (bus 0 bus_irq 9 global_irq 9 high level)
[    0.000000] Using ACPI (MADT) for SMP configuration information
[    0.000000] smpboot: Allowing 2 CPUs, 0 hotplug CPUs
[    0.000000] PM: Registered nosave memory: [mem 0x00000000-0x00000fff]
[    0.000000] PM: Registered nosave memory: [mem 0x0009f000-0x0009ffff]
[    0.000000] PM: Registered nosave memory: [mem 0x000a0000-0x000effff]
[    0.000000] PM: Registered nosave memory: [mem 0x000f0000-0x000fffff]
[    0.000000] e820: [mem 0x40000000-0xfebfffff] available for PCI devices
[    0.000000] Booting paravirtualized kernel on KVM
[    0.000000] clocksource: refined-jiffies: mask: 0xffffffff max_cycles: 0xffffffff, max_idle_ns: 7645519600211568 ns
[    0.000000] setup_percpu: NR_CPUS:512 nr_cpumask_bits:512 nr_cpu_ids:2 nr_node_ids:1
[    0.000000] PERCPU: Embedded 33 pages/cpu @ffff88003fc00000 s98264 r8192 d28712 u1048576
[    0.000000] PV qspinlock hash table entries: 256 (order: 0, 4096 bytes)
[    0.000000] Built 1 zonelists in Node order, mobility grouping on.  Total pages: 257913
[    0.000000] Policy zone: DMA32
[    0.000000] Kernel command line: BOOT_IMAGE=/boot/vmlinuz-4.4.0-75-generic root=UUID=3f513ff0-5157-487f-95f9-0886b2752eda ro console=tty1 console=ttyS0
[    0.000000] PID hash table entries: 4096 (order: 3, 32768 bytes)
[    0.000000] Memory: 997356K/1048120K available (8449K kernel code, 1294K rwdata, 3980K rodata, 1484K init, 1316K bss, 50764K reserved, 0K cma-reserved)
[    0.000000] SLUB: HWalign=64, Order=0-3, MinObjects=0, CPUs=2, Nodes=1
[    0.000000] Hierarchical RCU implementation.
[    0.000000] 	Build-time adjustment of leaf fanout to 64.
[    0.000000] 	RCU restricting CPUs from NR_CPUS=512 to nr_cpu_ids=2.
[    0.000000] RCU: Adjusting geometry for rcu_fanout_leaf=64, nr_cpu_ids=2
[    0.000000] NR_IRQS:33024 nr_irqs:440 16
[    0.000000] Console: colour VGA+ 80x25
[    0.000000] console [tty1] enabled
[    0.000000] console [ttyS0] enabled
[    0.000000] tsc: Detected 2494.226 MHz processor
[    9.149490] Calibrating delay loop (skipped) preset value.. 4988.45 BogoMIPS (lpj=9976904)
[    9.308582] pid_max: default: 32768 minimum: 301
[    9.412209] ACPI: Core revision 20150930
[    9.490227] ACPI: 2 ACPI AML tables successfully acquired and loaded
[    9.609427] Security Framework initialized
[    9.680049] Yama: becoming mindful.
[    9.755842] AppArmor: AppArmor initialized
[    9.772094] Dentry cache hash table entries: 131072 (order: 8, 1048576 bytes)
[    9.858135] Inode-cache hash table entries: 65536 (order: 7, 524288 bytes)
[   10.042063] Mount-cache hash table entries: 2048 (order: 2, 16384 bytes)
[   10.196554] Mountpoint-cache hash table entries: 2048 (order: 2, 16384 bytes)
[   10.343372] Initializing cgroup subsys io
[   10.433394] Initializing cgroup subsys memory
[   10.510136] Initializing cgroup subsys devices
[   10.590767] Initializing cgroup subsys freezer
[   10.701615] Initializing cgroup subsys net_cls
[   10.772905] Initializing cgroup subsys perf_event
[   10.838725] Initializing cgroup subsys net_prio
[   10.868568] Initializing cgroup subsys hugetlb
[   10.948143] Initializing cgroup subsys pids
[   11.029314] CPU: Physical Processor ID: 0
[   11.100285] CPU: Processor Core ID: 0
[   11.186317] mce: CPU supports 0 MCE banks
[   11.269072] Last level iTLB entries: 4KB 1024, 2MB 1024, 4MB 1024
[   11.367194] Last level dTLB entries: 4KB 1024, 2MB 1024, 4MB 1024, 1GB 4
[   11.512858] Freeing SMP alternatives memory: 32K (ffffffff820b8000 - ffffffff820c0000)
[   11.683629] ftrace: allocating 32117 entries in 126 pages
[   11.822337] smpboot: APIC(0) Converting physical 0 to logical package 0
[   11.917648] smpboot: Max logical packages: 1
[   11.943562] x2apic enabled
[   11.981403] Switched APIC routing to physical x2apic.
[   12.105775] ..TIMER: vector=0x30 apic1=0 pin1=2 apic2=-1 pin2=-1
[   12.327856] smpboot: CPU0: Intel(R) Core(TM) i7-4870HQ CPU @ 2.50GHz (family: 0x6, model: 0x46, stepping: 0x1)
[   12.367667] Performance Events: unsupported p6 CPU model 70 no PMU driver, software events only.
[   12.528555] KVM setup paravirtual spinlock
[   12.632814] x86: Booting SMP configuration:
[   12.708562] .... node  #0, CPUs:      #1
[   12.779986] kvm-clock: cpu 1, msr 0:3ffe3041, secondary cpu clock
[   12.932185] mce: CPU supports 0 MCE banks
[   12.998232] x86: Booted up 1 node, 2 CPUs
[   13.019720] smpboot: Total of 2 processors activated (9976.90 BogoMIPS)
[   13.035224] devtmpfs: initialized
[   13.037273] evm: security.selinux
[   13.074612] evm: security.SMACK64
[   13.138222] evm: security.SMACK64EXEC
[   13.201441] evm: security.SMACK64TRANSMUTE
[   13.289269] evm: security.SMACK64MMAP
[   13.358136] evm: security.ima
[   13.412013] evm: security.capability
[   13.461668] clocksource: jiffies: mask: 0xffffffff max_cycles: 0xffffffff, max_idle_ns: 7645041785100000 ns
[   13.625123] futex hash table entries: 512 (order: 3, 32768 bytes)
[   13.744517] pinctrl core: initialized pinctrl subsystem
[   13.828124] RTC time: 13:03:10, date: 04/25/17
[   13.830073] NET: Registered protocol family 16
[   13.840349] cpuidle: using governor ladder
[   13.856299] cpuidle: using governor menu
[   13.899353] PCCT header not found.
[   13.960363] ACPI: bus type PCI registered
[   14.016310] acpiphp: ACPI Hot Plug PCI Controller Driver version: 0.5
[   14.100344] PCI: Using configuration type 1 for base access
[   14.153584] ACPI: Added _OSI(Module Device)
[   14.216377] ACPI: Added _OSI(Processor Device)
[   14.310722] ACPI: Added _OSI(3.0 _SCP Extensions)
[   14.384073] ACPI: Added _OSI(Processor Aggregator Device)
[   14.467174] ACPI: Executed 1 blocks of module-level executable AML code
[   14.588145] ACPI: Interpreter enabled
[   14.674625] ACPI: (supports S0 S5)
[   14.686741] ACPI: Using IOAPIC for interrupt routing
[   14.707355] PCI: Using host bridge windows from ACPI; if necessary, use "pci=nocrs" and report a bug
[   14.857770] ACPI: PCI Root Bridge [PCI0] (domain 0000 [bus 00-ff])
[   14.974994] acpi PNP0A03:00: _OSC: OS supports [ASPM ClockPM Segments MSI]
[   15.102997] acpi PNP0A03:00: _OSC failed (AE_NOT_FOUND); disabling ASPM
[   15.182471] acpi PNP0A03:00: fail to add MMCONFIG information, can't access extended PCI configuration space under this bridge.
[   15.330356] PCI host bridge to bus 0000:00
[   15.422828] pci_bus 0000:00: root bus resource [io  0x0000-0x0cf7 window]
[   15.577678] pci_bus 0000:00: root bus resource [io  0x0d00-0xffff window]
[   15.705111] pci_bus 0000:00: root bus resource [mem 0x000a0000-0x000bffff window]
[   15.833767] pci_bus 0000:00: root bus resource [mem 0x40000000-0xffdfffff window]
[   15.980572] pci_bus 0000:00: root bus resource [bus 00-ff]
[   16.096422] pci 0000:00:01.1: legacy IDE quirk: reg 0x10: [io  0x01f0-0x01f7]
[   16.229111] pci 0000:00:01.1: legacy IDE quirk: reg 0x14: [io  0x03f6]
[   16.282868] pci 0000:00:01.1: legacy IDE quirk: reg 0x18: [io  0x0170-0x0177]
[   16.412627] pci 0000:00:01.1: legacy IDE quirk: reg 0x1c: [io  0x0376]
[   16.547699] pci 0000:00:07.0: quirk: [io  0x4000-0x403f] claimed by PIIX4 ACPI
[   16.701007] pci 0000:00:07.0: quirk: [io  0x4100-0x410f] claimed by PIIX4 SMB
[   16.851287] ACPI: PCI Interrupt Link [LNKA] (IRQs 5 9 10 *11)
[   16.959692] ACPI: PCI Interrupt Link [LNKB] (IRQs 5 9 10 *11)
[   17.067532] ACPI: PCI Interrupt Link [LNKC] (IRQs 5 9 *10 11)
[   17.176831] ACPI: PCI Interrupt Link [LNKD] (IRQs 5 *9 10 11)
[   17.283535] ACPI: Enabled 2 GPEs in block 00 to 07
[   17.341554] vgaarb: setting as boot device: PCI:0000:00:02.0
[   17.362573] vgaarb: device added: PCI:0000:00:02.0,decodes=io+mem,owns=io+mem,locks=none
[   17.363934] vgaarb: loaded
[   17.367548] vgaarb: bridge control possible 0000:00:02.0
[   17.442019] SCSI subsystem initialized
[   17.503735] ACPI: bus type USB registered
[   17.600339] usbcore: registered new interface driver usbfs
[   17.720553] usbcore: registered new interface driver hub
[   17.838222] usbcore: registered new device driver usb
[   17.948754] PCI: Using ACPI for IRQ routing
[   18.046416] NetLabel: Initializing
[   18.132309] NetLabel:  domain hash size = 128
[   18.221571] NetLabel:  protocols = UNLABELED CIPSOv4
[   18.316329] NetLabel:  unlabeled traffic allowed by default
[   18.413990] amd_nb: Cannot enumerate AMD northbridges
[   18.443863] clocksource: Switched to clocksource kvm-clock
[   18.451585] AppArmor: AppArmor Filesystem Enabled
[   18.579192] pnp: PnP ACPI init
[   18.652538] pnp: PnP ACPI: found 3 devices
[   18.750751] clocksource: acpi_pm: mask: 0xffffff max_cycles: 0xffffff, max_idle_ns: 2085701024 ns
[   18.996717] NET: Registered protocol family 2
[   19.108390] TCP established hash table entries: 8192 (order: 4, 65536 bytes)
[   19.282237] TCP bind hash table entries: 8192 (order: 5, 131072 bytes)
[   19.460135] TCP: Hash tables configured (established 8192 bind 8192)
[   19.550280] UDP hash table entries: 512 (order: 2, 16384 bytes)
[   19.709733] UDP-Lite hash table entries: 512 (order: 2, 16384 bytes)
[   19.868595] NET: Registered protocol family 1
[   19.975018] pci 0000:00:00.0: Limiting direct PCI/PCI transfers
[   20.132494] pci 0000:00:01.0: Activating ISA DMA hang workarounds
[   20.302289] Unpacking initramfs...
[   20.584059] Freeing initrd memory: 15224K (ffff880036234000 - ffff880037112000)
[   20.598881] platform rtc_cmos: registered platform RTC device (no PNP device found)
[   20.600233] Scanning for low memory corruption every 60 seconds
[   20.601582] audit: initializing netlink subsys (disabled)
[   20.602421] audit: type=2000 audit(1493125384.518:1): initialized
[   20.717028] Initialise system trusted keyring
[   20.815068] HugeTLB registered 2 MB page size, pre-allocated 0 pages
[   20.978089] zbud: loaded
[   21.029680] VFS: Disk quotas dquot_6.6.0
[   21.137181] VFS: Dquot-cache hash table entries: 512 (order 0, 4096 bytes)
[   21.318634] squashfs: version 4.0 (2009/01/31) Phillip Lougher
[   21.473188] fuse init (API version 7.23)
[   21.578699] Key type big_key registered
[   21.662931] tsc: Refined TSC clocksource calibration: 2495.458 MHz
[   21.788235] clocksource: tsc: mask: 0xffffffffffffffff max_cycles: 0x23f8770215f, max_idle_ns: 440795216727 ns
ÿ[   21.788319] Allocating IMA MOK and blacklist keyrings.
[   21.788494] Key type asymmetric registered
[   21.788499] Asymmetric key parser 'x509' registered
[   21.788547] Block layer SCSI generic (bsg) driver version 0.4 loaded (major 249)
[   21.788569] io scheduler noop registered
[   21.788571] io scheduler deadline registered (default)
[   21.788593] io scheduler cfq registered
[   21.788679] pci_hotplug: PCI Hot Plug PCI Core version: 0.5
[   21.788684] pciehp: PCI Express Hot Plug Controller Driver version: 0.4
[   21.789007] ACPI: AC Adapter [AC] (off-line)
[   21.789050] input: Power Button as /devices/LNXSYSTM:00/LNXPWRBN:00/input/input0
[   21.789052] ACPI: Power Button [PWRF]
[   21.789109] input: Sleep Button as /devices/LNXSYSTM:00/LNXSLPBN:00/input/input1
[   21.789110] ACPI: Sleep Button [SLPF]
[   21.789216] GHES: HEST is not enabled!
[   21.790092] ACPI: Battery Slot [BAT0] (battery present)
[   21.790135] Serial: 8250/16550 driver, 32 ports, IRQ sharing enabled
[   22.071580] 00:02: ttyS0 at I/O 0x3f8 (irq = 4, base_baud = 115200) is a 16550A
[   22.220388] Linux agpgart interface v0.103
[   22.393025] loop: module loaded
[   22.393433] scsi host0: ata_piix
[   22.393491] scsi host1: ata_piix
[   22.393513] ata1: PATA max UDMA/33 cmd 0x1f0 ctl 0x3f6 bmdma 0xd000 irq 14
[   22.393514] ata2: PATA max UDMA/33 cmd 0x170 ctl 0x376 bmdma 0xd008 irq 15
[   22.393571] libphy: Fixed MDIO Bus: probed
[   22.393573] tun: Universal TUN/TAP device driver, 1.6
[   22.393573] tun: (C) 1999-2004 Max Krasnyansky <maxk@qualcomm.com>
[   22.393825] PPP generic driver version 2.4.2
[   22.393875] ehci_hcd: USB 2.0 'Enhanced' Host Controller (EHCI) Driver
[   22.393878] ehci-pci: EHCI PCI platform driver
[   22.393889] ehci-platform: EHCI generic platform driver
[   22.393895] ohci_hcd: USB 1.1 'Open' Host Controller (OHCI) Driver
[   22.393897] ohci-pci: OHCI PCI platform driver
[   22.393903] ohci-platform: OHCI generic platform driver
[   22.393908] uhci_hcd: USB Universal Host Controller Interface driver
[   22.393951] i8042: PNP: PS/2 Controller [PNP0303:PS2K,PNP0f03:PS2M] at 0x60,0x64 irq 1,12
[   22.466192] serio: i8042 KBD port at 0x60,0x64 irq 1
[   22.466197] serio: i8042 AUX port at 0x60,0x64 irq 12
[   22.466311] mousedev: PS/2 mouse device common for all mice
[   22.466589] rtc_cmos rtc_cmos: rtc core: registered rtc_cmos as rtc0
[   22.466640] rtc_cmos rtc_cmos: alarms up to one day, 114 bytes nvram
[   22.466646] i2c /dev entries driver
[   22.466698] device-mapper: uevent: version 1.0.3
[   22.466742] device-mapper: ioctl: 4.34.0-ioctl (2015-10-28) initialised: dm-devel@redhat.com
[   22.466762] ledtrig-cpu: registered to indicate activity on CPUs
[   22.467022] NET: Registered protocol family 10
[   22.467143] NET: Registered protocol family 17
[   22.467153] Key type dns_resolver registered
[   22.721431] microcode: CPU0 sig=0x40661, pf=0x40, revision=0x0
[   22.721498] microcode: CPU1 sig=0x40661, pf=0x40, revision=0x0
[   22.721589] microcode: Microcode Update Driver: v2.01 <tigran@aivazian.fsnet.co.uk>, Peter Oruba
[   22.721719] registered taskstats version 1
[   22.721747] Loading compiled-in X.509 certificates
[   22.722318] Loaded X.509 cert 'Build time autogenerated kernel key: c2fea74804032151001b764dbf9eab8df960fa59'
[   22.722340] zswap: loaded using pool lzo/zbud
[   22.723845] Key type trusted registered
[   22.726480] Key type encrypted registered
[   22.726484] AppArmor: AppArmor sha1 policy hashing enabled
[   22.726486] ima: No TPM chip found, activating TPM-bypass!
[   22.726502] evm: HMAC attrs: 0x1
[   22.726787]   Magic number: 13:756:79
[   22.746592] rtc_cmos rtc_cmos: setting system clock to 2017-04-25 13:03:19 UTC (1493125399)
[   22.746720] BIOS EDD facility v0.16 2004-Jun-25, 0 devices found
[   22.746720] EDD information not available.
[   23.225973] input: AT Translated Set 2 keyboard as /devices/platform/i8042/serio0/input/input2
[   28.596797] Freeing unused kernel memory: 1484K (ffffffff81f45000 - ffffffff820b8000)
[   28.853365] Write protecting the kernel read-only data: 14336k
[   29.088443] Freeing unused kernel memory: 1780K (ffff880001843000 - ffff880001a00000)
[   29.212033] Freeing unused kernel memory: 116K (ffff880001de3000 - ffff880001e00000)
Loading, please wait...
starting version[   29.247799] random: systemd-udevd: uninitialized urandom read (16 bytes read, 4 bits of entropy available)
 229
[   29.248271] random: udevadm: uninitialized urandom read (16 bytes read, 4 bits of entropy available)
[   29.248303] random: udevadm: uninitialized urandom read (16 bytes read, 4 bits of entropy available)
[   29.248391] random: udevadm: uninitialized urandom read (16 bytes read, 4 bits of entropy available)
[   29.248423] random: udevadm: uninitialized urandom read (16 bytes read, 4 bits of entropy available)
[   29.248451] random: udevadm: uninitialized urandom read (16 bytes read, 4 bits of entropy available)
[   29.248480] random: udevadm: uninitialized urandom read (16 bytes read, 4 bits of entropy available)
[   29.248511] random: udevadm: uninitialized urandom read (16 bytes read, 4 bits of entropy available)
[   29.248538] random: udevadm: uninitialized urandom read (16 bytes read, 4 bits of entropy available)
[   29.248565] random: udevadm: uninitialized urandom read (16 bytes read, 4 bits of entropy available)
[   31.407302] e1000: Intel(R) PRO/1000 Network Driver - version 7.3.21-k8-NAPI
[   31.409580] e1000: Copyright (c) 1999-2006 Intel Corporation.
[   31.413619] Fusion MPT base driver 3.04.20
[   31.534464] Copyright (c) 1999-2008 LSI Corporation
[   31.725616] Fusion MPT SPI Host driver 3.04.20
[   31.866802] AVX version of gcm_enc/dec engaged.
[   31.995623] AES CTR mode by8 optimization enabled
[   32.080263] e1000 0000:00:03.0 eth0: (PCI:33MHz:32-bit) 02:6f:83:38:c1:e5
[   32.080266] e1000 0000:00:03.0 eth0: Intel(R) PRO/1000 Network Connection
[   32.080760] mptbase: ioc0: Initiating bringup
[   32.144290] ioc0: LSI53C1030 A0: Capabilities={Initiator}
[   32.523689] scsi host2: ioc0: LSI53C1030 A0, FwRev=00000000h, Ports=1, MaxQ=256, IRQ=20
[   32.829743] input: ImExPS/2 Generic Explorer Mouse as /devices/platform/i8042/serio1/input/input4
[   33.119237] scsi 2:0:0:0: Direct-Access     VBOX     HARDDISK         1.0  PQ: 0 ANSI: 5
[   33.345227] scsi target2:0:0: Beginning Domain Validation
[   33.481377] scsi target2:0:0: Domain Validation skipping write tests
[   33.534662] scsi target2:0:0: Ending Domain Validation
[   33.562756] scsi target2:0:0: asynchronous
[   33.588645] scsi 2:0:1:0: Direct-Access     VBOX     HARDDISK         1.0  PQ: 0 ANSI: 5
[   33.787767] scsi target2:0:1: Beginning Domain Validation
[   33.807996] e1000 0000:00:08.0 eth1: (PCI:33MHz:32-bit) 08:00:27:4f:ea:7b
[   33.808001] e1000 0000:00:08.0 eth1: Intel(R) PRO/1000 Network Connection
[   34.179602] e1000 0000:00:08.0 enp0s8: renamed from eth1
[   34.355676] scsi target2:0:1: Domain Validation skipping write tests
[   34.416581] scsi target2:0:1: Ending Domain Validation
[   34.488588] scsi target2:0:1: asynchronous
[   34.496881] e1000 0000:00:03.0 enp0s3: renamed from eth0
[   34.630952] sd 2:0:0:0: Attached scsi generic sg0 type 0
[   34.661731] sd 2:0:0:0: [sda] 20971520 512-byte logical blocks: (10.7 GB/10.0 GiB)
[   34.788567] sd 2:0:1:0: Attached scsi generic sg1 type 0
[   34.788786] sd 2:0:1:0: [sdb] 20480 512-byte logical blocks: (10.5 MB/10.0 MiB)
[   34.789026] sd 2:0:1:0: [sdb] Write Protect is off
[   34.789187] sd 2:0:1:0: [sdb] Incomplete mode parameter data
[   34.789188] sd 2:0:1:0: [sdb] Assuming drive cache: write through
[   34.792869] sd 2:0:1:0: [sdb] Attached SCSI disk
[   35.058744] floppy0: no floppy controllers found
[   35.147499] sd 2:0:0:0: [sda] Write Protect is off
[   35.239831] sd 2:0:0:0: [sda] Incomplete mode parameter data
[   35.258541] sd 2:0:0:0: [sda] Assuming drive cache: write through
[   35.264861]  sda: sda1
[   35.277596] sd 2:0:0:0: [sda] Attached SCSI disk
Begin: Loading e[   36.642105] md: linear personality registered for level -1
ssential drivers[   36.763082] md: multipath personality registered for level -4
 ... [   36.796460] md: raid0 personality registered for level 0
[   36.819280] md: raid1 personality registered for level 1
[   37.183911] raid6: sse2x1   gen() 11247 MB/s
[   37.356083] raid6: sse2x1   xor()  8129 MB/s
[   37.512031] raid6: sse2x2   gen() 13213 MB/s
[   37.667878] raid6: sse2x2   xor()  9582 MB/s
[   37.836062] raid6: sse2x4   gen() 16409 MB/s
[   37.951916] raid6: sse2x4   xor()  9458 MB/s
[   38.023182] raid6: using algorithm sse2x4 gen() 16409 MB/s
[   38.148628] raid6: .... xor() 9458 MB/s, rmw enabled
[   38.259634] raid6: using ssse3x2 recovery algorithm
[   38.357538] xor: automatically using best checksumming function:
[   38.580115]    avx       : 26572.000 MB/sec
[   38.715140] async_tx: api initialized (async)
[   38.895602] md: raid6 personality registered for level 6
[   38.947147] md: raid5 personality registered for level 5
[   38.960121] md: raid4 personality registered for level 4
[   38.977115] md: raid10 personality registered for level 10
done.
Begin: Running /scripts/init-p[   39.097145] Btrfs loaded
remount ... done.
Begin: Mounting root file system ... Begin: Running /scripts/local-top ... done.
Begin: Running /scripts/local-premount ... Scanning for Btrfs filesystems
done.
Warning: fsck not present, so sk[   39.181991] EXT4-fs (sda1): mounted filesystem with ordered data mode. Opts: (null)
ipping root file system
done.
Begin: Running /scripts/local-bottom ... done.
Begin: Running /scripts/init-bottom ... done.
[   39.424743] systemd[1]: systemd 229 running in system mode. (+PAM +AUDIT +SELINUX +IMA +APPARMOR +SMACK +SYSVINIT +UTMP +LIBCRYPTSETUP +GCRYPT +GNUTLS +ACL +XZ -LZ4 +SECCOMP +BLKID +ELFUTILS +KMOD -IDN)
[   39.789396] systemd[1]: Detected virtualization oracle.
[   39.909200] systemd[1]: Detected architecture x86-64.

Welcome to [1mUbuntu 16.04.2 LTS[0m!

[   40.044325] systemd[1]: Set hostname to <ubuntu-xenial>.
[   40.249107] systemd[1]: Reached target User and Group Name Lookups.
[[0;32m  OK  [0m] Reached target User and Group Name Lookups.
[   40.420703] systemd[1]: Listening on LVM2 poll daemon socket.
[[0;32m  OK  [0m] Listening on LVM2 poll daemon socket.
[   40.604348] systemd[1]: Listening on Journal Socket.
[[0;32m  OK  [0m] Listening on Journal Socket.
[   40.762669] systemd[1]: Reached target Swap.
[[0;32m  OK  [0m] Reached target Swap.
[   40.912478] systemd[1]: Reached target Encrypted Volumes.
[[0;32m  OK  [0m] Reached target Encrypted Volumes.
[   41.100152] systemd[1]: Listening on LVM2 metadata daemon socket.
[[0;32m  OK  [0m] Listening on LVM2 metadata daemon socket.
[   41.256713] systemd[1]: Created slice System Slice.
[[0;32m  OK  [0m] Created slice System Slice.
[   41.424672] systemd[1]: Created slice system-serial\x2dgetty.slice.
[[0;32m  OK  [0m] Created slice system-serial\x2dgetty.slice.
[   41.640507] systemd[1]: Starting Nameserver information manager...
         Starting Nameserver information manager...
[   41.812123] systemd[1]: Mounting POSIX Message Queue File System...
         Mounting POSIX Message Queue File System...
[   41.992472] systemd[1]: Starting Set console keymap...
         Starting Set console keymap...
[   42.164146] systemd[1]: Mounting Huge Pages File System...
         Mounting Huge Pages File System...
[   42.233267] random: nonblocking pool is initialized
[   42.344244] systemd[1]: Starting Load Kernel Modules...
         Starting Load Ke[   42.477275] Loading iSCSI transport class v2.0-870.
rnel Modules...
[   42.545020] systemd[1]: Starting Uncomplicated firewall...
         [   42.591852] iscsi: registered transport (tcp)
Starting Uncomplicated firewall...
[   42.646005] iscsi: registered transport (iser)
[   42.648092] systemd[1]: Starting Remount Root and Kernel File Systems...
         Starting Remount Root and Kernel File Systems...
[   42.662032] systemd[1]: Listening on udev Control Socket.
[[0;32m  OK  [0[   42.732941] EXT4-fs (sda1): re-mounted. Opts: (null)
m] Listening on udev Control Socket.
[   42.852738] systemd[1]: Set up automount Arbitrary Executable File Formats File System Automount Point.
[[0;32m  OK  [0m] Set up automount Arbitrary Executab...ats File System Automount Point.
[   43.091368] systemd[1]: Listening on /dev/initctl Compatibility Named Pipe.
[[0;32m  OK  [0m] Listening on /dev/initctl Compatibility Named Pipe.
[   43.288138] systemd[1]: Started Forward Password Requests to Wall Directory Watch.
[[0;32m  OK  [0m] Started Forward Password Requests to Wall Directory Watch.
[   43.536637] systemd[1]: Listening on Journal Socket (/dev/log).
[[0;32m  OK  [0m] Listening on Journal Socket (/dev/log).
[   43.736395] systemd[1]: Listening on Device-mapper event daemon FIFOs.
[[0;32m  OK  [0m] Listening on Device-mapper event daemon FIFOs.
[   43.956852] systemd[1]: Starting Monitoring of LVM2 mirrors, snapshots etc. using dmeventd or progress polling...
         Starting Monitoring of LVM2 mirrors... dmeventd or progress polling...
[   44.236429] systemd[1]: Listening on Syslog Socket.
[[0;32m  OK  [0m] Listening on Syslog Socket.
[   44.376358] systemd[1]: Mounting Debug File System...
         Mounting Debug File System...
[   44.508346] systemd[1]: Listening on Journal Audit Socket.
[[0;32m  OK  [0m] Listening on Journal Audit Socket.
[   44.704827] systemd[1]: Starting Journal Service...
         Starting Journal Service...
[   44.860223] systemd[1]: Starting Create list of required static device nodes for the current kernel...
         Starting Create list of required st... nodes for the current kernel...
[   45.129193] systemd[1]: Created slice User and Session Slice.
[[0;32m  OK  [0m] Created slice User and Session Slice.
[   45.320589] systemd[1]: Reached target Slices.
[[0;32m  OK  [0m] Reached target Slices.
[   45.444122] systemd[1]: Listening on udev Kernel Socket.
[[0;32m  OK  [0m] Listening on udev Kernel Socket.
[   45.630012] systemd[1]: Mounted Debug File System.
[[0;32m  OK  [0m] Mounted Debug File System.
[   45.784454] systemd[1]: Mounted Huge Pages File System.
[[0;32m  OK  [0m] Mounted Huge Pages File System.
[   45.936405] systemd[1]: Mounted POSIX Message Queue File System.
[[0;32m  OK  [0m] Mounted POSIX Message Queue File System.
[   46.128775] systemd[1]: Started Journal Service.
[[0;32m  OK  [0m] Started Journal Service.
[[0;32m  OK  [0m] Started Set console keymap.
[[0;32m  OK  [0m] Started Load Kernel Modules.
[[0;32m  OK  [0m] Started Uncomplicated firewall.
[[0;32m  OK  [0m] Started Remount Root and Kernel File Systems.
[[0;32m  OK  [0m] Started Create list of required sta...ce nodes for the current kernel.
[[0;32m  OK  [0m] Started Nameserver information manager.
[[0;32m  OK  [0m] Started LVM2 metadata daemon.
         Starting Create Static Device Nodes in /dev...
         Starting Initial cloud-init job (pre-networking)...
         Starting udev Coldplug all Devices...
         Starting Load/Save Random Seed...
         Starting Apply Kernel Variables...
         Mounting FUSE Control File System...
         Starting Flush Journal to Persistent Storage...
[[0;32m  OK  [0m] Mounted FUSE Control File System.
[[0;32m  OK  [0m] Started Create Static Device Nodes in /dev.
[[0;32m  OK  [0m] Started Load/Save Random Seed.
[[0;32m  OK  [0m] Started Apply Kernel Variables.
[[0;32m  OK  [0m] Started Monitoring of LVM2 mirrors,...ng dmeventd or progress polling.
[[0;32m  OK  [0m] Started udev Coldplug all Devices.
[[0;32m  OK  [0m] Started Flush Journal to Persistent Storage.
         Starting udev Kernel Device Manager...
[[0;32m  OK  [0m] Started udev Kernel Device Manager.
[[0;32m  OK  [0m] Reached target Local File Systems (Pre).
[[0;32m  OK  [0m] Reached target Local File Systems.
         Starting LSB: AppArmor initialization...
         Starting Set console font and keymap...
         Starting Tell Plymouth To Write Out Runtime Data...
         Starting Create Volatile Files and Directories...
[[0;32m  OK  [0m] Started Dispatch Password Requests to Console Directory Watch.
[[0;32m  OK  [0m] Started Tell Plymouth To Write Out Runtime Data.
[[0;32m  OK  [0m] Started Create Volatile Files and Directories.
[   29.860650] cloud-init[445]: Cloud-init v. 0.7.9 running 'init-local' at Tue, 25 Apr 2017 13:03:44 +0000. Up 29.62 seconds.
[[0;32m  OK  [0m] Started Initial cloud-init job (pre-networking).
[[0;32m  OK  [0m] Started Set console font and keymap.
[[0;32m  OK  [0m] Found device /dev/ttyS0.
[[0;32m  OK  [0m] Listening on Load/Save RF Kill Switch Status /dev/rfkill Watch.
[[0;32m  OK  [0m] Created slice system-getty.slice.
[[0;32m  OK  [0m] Reached target Network (Pre).
         Starting Update UTMP about System Boot/Shutdown...
[[0;32m  OK  [0m] Reached target System Time Synchronized.
[[0;32m  OK  [0m] Started LSB: AppArmor initialization.
[[0;32m  OK  [0m] Started ifup for enp0s8.
[[0;32m  OK  [0m] Started ifup for enp0s3.
         Starting Raise network interfaces...
[[0;32m  OK  [0m] Started Update UTMP about System Boot/Shutdown.
[[0;32m  OK  [0m] Started Raise network interfaces.
[[0;32m  OK  [0m] Reached target Network.
         Starting Initial cloud-init job (metadata service crawler)...
[   33.047393] cloud-init[1040]: Cloud-init v. 0.7.9 running 'init' at Tue, 25 Apr 2017 13:03:47 +0000. Up 32.84 seconds.
[   33.104357] cloud-init[1040]: ci-info: ++++++++++++++++++++++++++++++++++++++Net device info++++++++++++++++++++++++++++++++++++++
[[0;32m  OK  [0m] Started Initial cloud-init job (metadata service crawler).
[   33.104787] cloud-init[1040]: ci-info: +--------+------+-----------------------------+---------------+-------+-------------------+
[   33.260327] cloud-init[1040]: ci-info: | Device |  Up  |           Address           |      Mask     | Scope |     Hw-Address    |
[   33.260549] cloud-init[1040]: ci-info: +--------+------+-----------------------------+---------------+-------+-------------------+
[[0;32m  OK  [0m] Reached target Network is Online.
[   33.260723] cloud-init[1040]: ci-info: | enp0s3 | True |          10.0.2.15          | 255.255.255.0 |   .   | 02:6f:83:38:c1:e5 |
         [   33.417928] Starting iSCSI initiator daemon (iscsid)...cloud-init
[1040]: ci-info: | enp0s3 | True |  fe80::6f:83ff:fe38:c1e5/64 |       .       |  link | 02:6f:83:38:c1:e5 |
[   33.447260] cloud-init[1040]: ci-info: | enp0s8 | True |        192.168.33.10        | 255.255.255.0 |   .   | 08:00:27:4f:ea:7b |
[   33.447571] cloud-init[1040]: ci-info: | enp0s8 | True | fe80::a00:27ff:fe4f:ea7b/64 |       .       |  link | 08:00:27:4f:ea:7b |
[   33.447749] cloud-init[1040]: ci-info: |   lo   | True |          127.0.0.1          |   255.0.0.0   |   .   |         .         |
[   33.447897] cloud-init[1040]: ci-info: |   lo   | True |           ::1/128           |       .       |  host |         .         |
[   33.448225] cloud-init[1040]: ci-info: +--------+------+-----------------------------+---------------+-------+-------------------+
[   33.448380] cloud-init[1040]: ci-info: ++++++++++++++++++++++++++++Route IPv4 info++++++++++++++++++++++++++++
[   33.448528] cloud-init[1040]: ci-info: +-------+--------------+----------+---------------+-----------+-------+
[   33.448692] cloud-init[1040]: ci-info: | Route | Destination  | Gateway  |    Genmask    | Interface | Flags |
[   33.448846] cloud-init[1040]: ci-info: +-------+--------------+----------+---------------+-----------+-------+
[   33.449005] cloud-init[1040]: ci-info: |   0   |   0.0.0.0    | 10.0.2.2 |    0.0.0.0    |   enp0s3  |   UG  |
[   33.449156] cloud-init[1040]: ci-info: |   1   |   10.0.2.0   | 0.0.0.0  | 255.255.255.0 |   enp0s3  |   U   |
[   33.449310] cloud-init[1040]: ci-info: |   2   | 192.168.33.0 | 0.0.0.0  | 255.255.255.0 |   enp0s8  |   U   |
[   33.449466] cloud-init[1040]: ci-info: +-------+--------------+----------+---------------+-----------+-------+
[[0;32m  OK  [0m] Reached target System Initialization.
[[0;32m  OK  [0m] Started Daily apt activities.
         Starting Socket activation for snappy daemon.
[[0;32m  OK  [0m] Started Trigger resolvconf update for networkd DNS.
[[0;32m  OK  [0m] Started Daily Cleanup of Temporary Directories.
[[0;32m  OK  [0m] Listening on UUID daemon activation socket.
         Starting LXD - unix socket.
[[0;32m  OK  [0m] Started Timer to automatically refresh installed snaps.
[[0;32m  OK  [0m] Reached target Timers.
[[0;32m  OK  [0m] Listening on D-Bus System Message Bus Socket.
[[0;32m  OK  [0m] Started ACPI Events Check.
[[0;32m  OK  [0m] Reached target Paths.
[[0;32m  OK  [0m] Listening on ACPID Listen Socket.
[[0;32m  OK  [0m] Reached target Cloud-config availability.
[[0;32m  OK  [0m] Listening on Socket activation for snappy daemon.
[[0;32m  OK  [0m] Listening on LXD - unix socket.
[[0;32m  OK  [0m] Started iSCSI initiator daemon (iscsid).
         Starting Login to default iSCSI targets...
[[0;32m  OK  [0m] Reached target Sockets.
[[0;32m  OK  [0m] Reached target Basic System.
         Starting LSB: Record successful boot for GRUB...
         Starting The PHP 7.0 FastCGI Process Manager...
         Starting LSB: MD monitoring daemon...
         Starting LXD - container startup/shutdown...
         Starting /etc/rc.local Compatibility...
[[0;32m  OK  [0m] Started Regular background program processing daemon.
         Starting Apply the settings specified in cloud-config...
         Starting A high performance web server and a reverse proxy server...
         Starting Login Service...
         Starting Accounts Service...
         Starting MySQL Community Server...
[[0;32m  OK  [0m] Started Deferred execution scheduler.
[[0;32m  OK  [0m] Started FUSE filesystem for LXC.
[[0;32m  OK  [0m] Started D-Bus System Message Bus.
         Starting OpenBSD Secure Shell server...
         Starting System Logging Service...
[[0;32m  OK  [0m] Started ACPI event daemon.
[   34.898291] cloud-init[1124]: Cloud-init v. 0.7.9 running 'modules:config' at Tue, 25 Apr 2017 13:03:49 +0000. Up 34.82 seconds.
[[0;32m  OK  [0m] Started Snappy daemon.
         Starting Auto import assertions from block devices...
[[0;32m  OK  [0m] Started OpenBSD Secure Shell server.
[[0;32m  OK  [0m] Started System Logging Service.
[[0;32m  OK  [0m] Started LXD - container startup/shutdown.
[[0;32m  OK  [0m] Started /etc/rc.local Compatibility.
[[0;32m  OK  [0m] Started Apply the settings specified in cloud-config.
[[0;32m  OK  [0m] Started Auto import assertions from block devices.
[[0;32m  OK  [0m] Started A high performance web server and a reverse proxy server.
[[0;32m  OK  [0m] Started The PHP 7.0 FastCGI Process Manager.
[[0;32m  OK  [0m] Started Login to default iSCSI targets.
[[0;32m  OK  [0m] Started LSB: Record successful boot for GRUB.
[[0;32m  OK  [0m] Started LSB: MD monitoring daemon.
[[0;32m  OK  [0m] Started Login Service.
         Starting Authenticate and Authorize Users to Run Privileged Tasks...
[[0;32m  OK  [0m] Reached target Remote File Systems (Pre).
[[0;32m  OK  [0m] Reached target Remote File Systems.
         Starting LSB: Set the CPU Frequency Scaling governor to "ondemand"...
         Starting LSB: VirtualBox Linux Additions...
         Starting Permit User Sessions...
         Starting LSB: automatic crash report generation...
         Starting LSB: daemon to balance interrupts for SMP systems...
[[0;32m  OK  [0m] Started Permit User Sessions.
[[0;32m  OK  [0m] Started Authenticate and Authorize Users to Run Privileged Tasks.
[[0;32m  OK  [0m] Started Accounts Service.
[[0;32m  OK  [0m] Started LSB: Set the CPU Frequency Scaling governor to "ondemand".
[[0;32m  OK  [0m] Started LSB: VirtualBox Linux Additions.
[[0;32m  OK  [0m] Created slice User Slice of ubuntu.
[[0;32m  OK  [0m] Started Session 1 of user ubuntu.
         Starting User Manager for UID 1000...
         Starting Terminate Plymouth Boot Screen...
         Starting Hold until boot process finishes up...
[[0;32m  OK  [0m] Started User Manager for UID 1000.
[[0;32m  OK  [0m] Started MySQL Community Server.
[[0;32m  OK  [0m] Started LSB: automatic crash report generation.
[[0;32m  OK  [0m] Started LSB: daemon to balance interrupts for SMP systems.
[[0;32m  OK  [0m] Started Terminate Plymouth Boot Screen.
[[0;32m  OK  [0m] Started Hold until boot process finishes up.
[[0;32m  OK  [0m] Started Getty on tty1.
         Starting Set console scheme...
[[0;32m  OK  [0m] Started Serial Getty on ttyS0.
[[0;32m  OK  [0m] Reached target Login Prompts.
[[0;32m  OK  [0m] Reached target Multi-User System.
[[0;32m  OK  [0m] Reached target Graphical Interface.
         Starting Execute cloud user/final scripts...
         Starting Update UTMP about System Runlevel Changes...
[[0;32m  OK  [0m] Started Set console scheme.
[[0;32m  OK  [0m] Started Update UTMP about System Runlevel Changes.
[   37.295262] cloud-init[1346]: Cloud-init v. 0.7.9 running 'modules:final' at Tue, 25 Apr 2017 13:03:51 +0000. Up 37.21 seconds.
[   37.344587] cloud-init[1346]: Cloud-init v. 0.7.9 finished at Tue, 25 Apr 2017 13:03:51 +0000. Datasource DataSourceNoCloud [seed=/dev/sdb][dsmode=net].  Up 37.28 seconds
[[0;32m  OK  [0m] Started Execute cloud user/final scripts.
[[0;32m  OK  [0m] Reached target Cloud-init target.

Ubuntu 16.04.2 LTS ubuntu-xenial ttyS0

ubuntu-xenial login: 