[    0.000000] Initializing cgroup subsys cpuset
[    0.000000] Initializing cgroup subsys cpu
[    0.000000] Initializing cgroup subsys cpuacct
[    0.000000] Linux version 4.4.0-75-generic (buildd@lgw01-21) (gcc version 5.4.0 20160609 (Ubuntu 5.4.0-6ubuntu1~16.04.4) ) #96-Ubuntu SMP Thu Apr 20 09:56:33 UTC 2017 (Ubuntu 4.4.0-75.96-generic 4.4.59)
[    0.000000] Command line: BOOT_IMAGE=/boot/vmlinuz-4.4.0-75-generic root=UUID=3f513ff0-5157-487f-95f9-0886b2752eda ro console=tty1 console=ttyS0
[    0.000000] KERNEL supported cpus:
[    0.000000]   Intel GenuineIntel
[    0.000000]   AMD AuthenticAMD
[    0.000000]   Centaur CentaurHauls
[    0.000000] x86/fpu: xstate_offset[2]:  576, xstate_sizes[2]:  256
[    0.000000] x86/fpu: Supporting XSAVE feature 0x01: 'x87 floating point registers'
[    0.000000] x86/fpu: Supporting XSAVE feature 0x02: 'SSE registers'
[    0.000000] x86/fpu: Supporting XSAVE feature 0x04: 'AVX registers'
[    0.000000] x86/fpu: Enabled xstate features 0x7, context size is 832 bytes, using 'standard' format.
[    0.000000] x86/fpu: Using 'lazy' FPU context switches.
[    0.000000] e820: BIOS-provided physical RAM map:
[    0.000000] BIOS-e820: [mem 0x0000000000000000-0x000000000009fbff] usable
[    0.000000] BIOS-e820: [mem 0x000000000009fc00-0x000000000009ffff] reserved
[    0.000000] BIOS-e820: [mem 0x00000000000f0000-0x00000000000fffff] reserved
[    0.000000] BIOS-e820: [mem 0x0000000000100000-0x000000003ffeffff] usable
[    0.000000] BIOS-e820: [mem 0x000000003fff0000-0x000000003fffffff] ACPI data
[    0.000000] BIOS-e820: [mem 0x00000000fec00000-0x00000000fec00fff] reserved
[    0.000000] BIOS-e820: [mem 0x00000000fee00000-0x00000000fee00fff] reserved
[    0.000000] BIOS-e820: [mem 0x00000000fffc0000-0x00000000ffffffff] reserved
[    0.000000] NX (Execute Disable) protection: active
[    0.000000] SMBIOS 2.5 present.
[    0.000000] Hypervisor detected: KVM
[    0.000000] e820: last_pfn = 0x3fff0 max_arch_pfn = 0x400000000
[    0.000000] MTRR: Disabled
[    0.000000] x86/PAT: MTRRs disabled, skipping PAT initialization too.
[    0.000000] x86/PAT: Configuration [0-7]: WB  WT  UC- UC  WB  WT  UC- UC  
[    0.000000] CPU MTRRs all blank - virtualized system.
[    0.000000] found SMP MP-table at [mem 0x0009fff0-0x0009ffff] mapped at [ffff88000009fff0]
[    0.000000] Scanning 1 areas for low memory corruption
[    0.000000] RAMDISK: [mem 0x36234000-0x37111fff]
[    0.000000] ACPI: Early table checksum verification disabled
[    0.000000] ACPI: RSDP 0x00000000000E0000 000024 (v02 VBOX  )
[    0.000000] ACPI: XSDT 0x000000003FFF0030 00003C (v01 VBOX   VBOXXSDT 00000001 ASL  00000061)
[    0.000000] ACPI: FACP 0x000000003FFF00F0 0000F4 (v04 VBOX   VBOXFACP 00000001 ASL  00000061)
[    0.000000] ACPI: DSDT 0x000000003FFF0470 00210F (v01 VBOX   VBOXBIOS 00000002 INTL 20100528)
[    0.000000] ACPI: FACS 0x000000003FFF0200 000040
[    0.000000] ACPI: FACS 0x000000003FFF0200 000040
[    0.000000] ACPI: APIC 0x000000003FFF0240 00005C (v02 VBOX   VBOXAPIC 00000001 ASL  00000061)
[    0.000000] ACPI: SSDT 0x000000003FFF02A0 0001CC (v01 VBOX   VBOXCPUT 00000002 INTL 20100528)
[    0.000000] No NUMA configuration found
[    0.000000] Faking a node at [mem 0x0000000000000000-0x000000003ffeffff]
[    0.000000] NODE_DATA(0) allocated [mem 0x3ffeb000-0x3ffeffff]
[    0.000000] kvm-clock: Using msrs 4b564d01 and 4b564d00
[    0.000000] kvm-clock: cpu 0, msr 0:3ffe3001, primary cpu clock
[    0.000000] kvm-clock: using sched offset of 3181487524 cycles
[    0.000000] clocksource: kvm-clock: mask: 0xffffffffffffffff max_cycles: 0x1cd42e4dffb, max_idle_ns: 881590591483 ns
[    0.000000] Zone ranges:
[    0.000000]   DMA      [mem 0x0000000000001000-0x0000000000ffffff]
[    0.000000]   DMA32    [mem 0x0000000001000000-0x000000003ffeffff]
[    0.000000]   Normal   empty
[    0.000000]   Device   empty
[    0.000000] Movable zone start for each node
[    0.000000] Early memory node ranges
[    0.000000]   node   0: [mem 0x0000000000001000-0x000000000009efff]
[    0.000000]   node   0: [mem 0x0000000000100000-0x000000003ffeffff]
[    0.000000] Initmem setup node 0 [mem 0x0000000000001000-0x000000003ffeffff]
[    0.000000] ACPI: PM-Timer IO Port: 0x4008
[    0.000000] IOAPIC[0]: apic_id 2, version 32, address 0xfec00000, GSI 0-23
[    0.000000] ACPI: INT_SRC_OVR (bus 0 bus_irq 0 global_irq 2 dfl dfl)
[    0.000000] ACPI: INT_SRC_OVR (bus 0 bus_irq 9 global_irq 9 high level)
[    0.000000] Using ACPI (MADT) for SMP configuration information
[    0.000000] smpboot: Allowing 2 CPUs, 0 hotplug CPUs
[    0.000000] PM: Registered nosave memory: [mem 0x00000000-0x00000fff]
[    0.000000] PM: Registered nosave memory: [mem 0x0009f000-0x0009ffff]
[    0.000000] PM: Registered nosave memory: [mem 0x000a0000-0x000effff]
[    0.000000] PM: Registered nosave memory: [mem 0x000f0000-0x000fffff]
[    0.000000] e820: [mem 0x40000000-0xfebfffff] available for PCI devices
[    0.000000] Booting paravirtualized kernel on KVM
[    0.000000] clocksource: refined-jiffies: mask: 0xffffffff max_cycles: 0xffffffff, max_idle_ns: 7645519600211568 ns
[    0.000000] setup_percpu: NR_CPUS:512 nr_cpumask_bits:512 nr_cpu_ids:2 nr_node_ids:1
[    0.000000] PERCPU: Embedded 33 pages/cpu @ffff88003fc00000 s98264 r8192 d28712 u1048576
[    0.000000] PV qspinlock hash table entries: 256 (order: 0, 4096 bytes)
[    0.000000] Built 1 zonelists in Node order, mobility grouping on.  Total pages: 257913
[    0.000000] Policy zone: DMA32
[    0.000000] Kernel command line: BOOT_IMAGE=/boot/vmlinuz-4.4.0-75-generic root=UUID=3f513ff0-5157-487f-95f9-0886b2752eda ro console=tty1 console=ttyS0
[    0.000000] PID hash table entries: 4096 (order: 3, 32768 bytes)
[    0.000000] Memory: 997356K/1048120K available (8449K kernel code, 1294K rwdata, 3980K rodata, 1484K init, 1316K bss, 50764K reserved, 0K cma-reserved)
[    0.000000] SLUB: HWalign=64, Order=0-3, MinObjects=0, CPUs=2, Nodes=1
[    0.000000] Hierarchical RCU implementation.
[    0.000000] 	Build-time adjustment of leaf fanout to 64.
[    0.000000] 	RCU restricting CPUs from NR_CPUS=512 to nr_cpu_ids=2.
[    0.000000] RCU: Adjusting geometry for rcu_fanout_leaf=64, nr_cpu_ids=2
[    0.000000] NR_IRQS:33024 nr_irqs:440 16
[    0.000000] Console: colour VGA+ 80x25
[    0.000000] console [tty1] enabled
[    0.000000] console [ttyS0] enabled
[    0.000000] tsc: Detected 2494.226 MHz processor
[   11.723915] Calibrating delay loop (skipped) preset value.. 4988.45 BogoMIPS (lpj=9976904)
[   11.903275] pid_max: default: 32768 minimum: 301
[   12.014331] ACPI: Core revision 20150930
[   12.015757] ACPI: 2 ACPI AML tables successfully acquired and loaded
[   12.045266] Security Framework initialized
[   12.076129] Yama: becoming mindful.
[   12.123823] AppArmor: AppArmor initialized
[   12.205484] Dentry cache hash table entries: 131072 (order: 8, 1048576 bytes)
[   12.302011] Inode-cache hash table entries: 65536 (order: 7, 524288 bytes)
[   12.304693] Mount-cache hash table entries: 2048 (order: 2, 16384 bytes)
[   12.396590] Mountpoint-cache hash table entries: 2048 (order: 2, 16384 bytes)
[   12.449066] Initializing cgroup subsys io
[   12.520429] Initializing cgroup subsys memory
[   12.617032] Initializing cgroup subsys devices
[   12.700408] Initializing cgroup subsys freezer
[   12.801770] Initializing cgroup subsys net_cls
[   12.904663] Initializing cgroup subsys perf_event
[   12.993498] Initializing cgroup subsys net_prio
[   13.085287] Initializing cgroup subsys hugetlb
[   13.107513] Initializing cgroup subsys pids
[   13.110287] CPU: Physical Processor ID: 0
[   13.141411] CPU: Processor Core ID: 0
[   13.165757] mce: CPU supports 0 MCE banks
[   13.227246] Last level iTLB entries: 4KB 1024, 2MB 1024, 4MB 1024
[   13.341157] Last level dTLB entries: 4KB 1024, 2MB 1024, 4MB 1024, 1GB 4
[   13.463323] Freeing SMP alternatives memory: 32K (ffffffff820b8000 - ffffffff820c0000)
[   13.658003] ftrace: allocating 32117 entries in 126 pages
[   13.814405] smpboot: APIC(0) Converting physical 0 to logical package 0
[   13.982179] smpboot: Max logical packages: 1
[   14.090716] x2apic enabled
[   14.171142] Switched APIC routing to physical x2apic.
[   14.234473] ..TIMER: vector=0x30 apic1=0 pin1=2 apic2=-1 pin2=-1
[   14.429232] smpboot: CPU0: Intel(R) Core(TM) i7-4870HQ CPU @ 2.50GHz (family: 0x6, model: 0x46, stepping: 0x1)
[   14.704904] Performance Events: unsupported p6 CPU model 70 no PMU driver, software events only.
[   14.937990] KVM setup paravirtual spinlock
[   15.049243] x86: Booting SMP configuration:
[   15.152773] .... node  #0, CPUs:      #1
[   15.252427] kvm-clock: cpu 1, msr 0:3ffe3041, secondary cpu clock
[   15.317376] mce: CPU supports 0 MCE banks
[   15.328827] x86: Booted up 1 node, 2 CPUs
[   15.336582] smpboot: Total of 2 processors activated (9976.90 BogoMIPS)
[   15.337955] devtmpfs: initialized
[   15.339770] evm: security.selinux
[   15.340362] evm: security.SMACK64
[   15.340951] evm: security.SMACK64EXEC
[   15.341571] evm: security.SMACK64TRANSMUTE
[   15.342267] evm: security.SMACK64MMAP
[   15.342959] evm: security.ima
[   15.343489] evm: security.capability
[   15.344277] clocksource: jiffies: mask: 0xffffffff max_cycles: 0xffffffff, max_idle_ns: 7645041785100000 ns
[   15.345795] futex hash table entries: 512 (order: 3, 32768 bytes)
[   15.460564] pinctrl core: initialized pinctrl subsystem
[   15.601831] RTC time:  0:12:01, date: 04/27/17
[   15.712498] NET: Registered protocol family 16
[   15.812771] cpuidle: using governor ladder
[   15.924318] cpuidle: using governor menu
[   16.015642] PCCT header not found.
[   16.099748] ACPI: bus type PCI registered
[   16.150595] acpiphp: ACPI Hot Plug PCI Controller Driver version: 0.5
[   16.284514] PCI: Using configuration type 1 for base access
[   16.394627] ACPI: Added _OSI(Module Device)
[   16.418559] ACPI: Added _OSI(Processor Device)
[   16.505565] ACPI: Added _OSI(3.0 _SCP Extensions)
[   16.597893] ACPI: Added _OSI(Processor Aggregator Device)
[   16.703370] ACPI: Executed 1 blocks of module-level executable AML code
[   16.808437] ACPI: Interpreter enabled
[   16.900658] ACPI: (supports S0 S5)
[   16.978913] ACPI: Using IOAPIC for interrupt routing
[   17.085872] PCI: Using host bridge windows from ACPI; if necessary, use "pci=nocrs" and report a bug
[   17.283521] ACPI: PCI Root Bridge [PCI0] (domain 0000 [bus 00-ff])
[   17.424992] acpi PNP0A03:00: _OSC: OS supports [ASPM ClockPM Segments MSI]
[   17.490296] acpi PNP0A03:00: _OSC failed (AE_NOT_FOUND); disabling ASPM
[   17.494258] acpi PNP0A03:00: fail to add MMCONFIG information, can't access extended PCI configuration space under this bridge.
[   17.496258] PCI host bridge to bus 0000:00
[   17.496936] pci_bus 0000:00: root bus resource [io  0x0000-0x0cf7 window]
[   17.531515] pci_bus 0000:00: root bus resource [io  0x0d00-0xffff window]
[   17.681675] pci_bus 0000:00: root bus resource [mem 0x000a0000-0x000bffff window]
[   17.845338] pci_bus 0000:00: root bus resource [mem 0x40000000-0xffdfffff window]
[   18.037594] pci_bus 0000:00: root bus resource [bus 00-ff]
[   18.169835] pci 0000:00:01.1: legacy IDE quirk: reg 0x10: [io  0x01f0-0x01f7]
[   18.355706] pci 0000:00:01.1: legacy IDE quirk: reg 0x14: [io  0x03f6]
[   18.529441] pci 0000:00:01.1: legacy IDE quirk: reg 0x18: [io  0x0170-0x0177]
[   18.536703] pci 0000:00:01.1: legacy IDE quirk: reg 0x1c: [io  0x0376]
[   18.645092] pci 0000:00:07.0: quirk: [io  0x4000-0x403f] claimed by PIIX4 ACPI
[   18.845178] pci 0000:00:07.0: quirk: [io  0x4100-0x410f] claimed by PIIX4 SMB
[   19.031330] ACPI: PCI Interrupt Link [LNKA] (IRQs 5 9 10 *11)
[   19.177505] ACPI: PCI Interrupt Link [LNKB] (IRQs 5 9 10 *11)
[   19.298987] ACPI: PCI Interrupt Link [LNKC] (IRQs 5 9 *10 11)
[   19.427004] ACPI: PCI Interrupt Link [LNKD] (IRQs 5 *9 10 11)
[   19.550180] ACPI: Enabled 2 GPEs in block 00 to 07
[   19.626410] vgaarb: setting as boot device: PCI:0000:00:02.0
[   19.687214] vgaarb: device added: PCI:0000:00:02.0,decodes=io+mem,owns=io+mem,locks=none
[   19.906263] vgaarb: loaded
[   19.968281] vgaarb: bridge control possible 0000:00:02.0
[   20.112846] SCSI subsystem initialized
[   20.213267] ACPI: bus type USB registered
[   20.311058] usbcore: registered new interface driver usbfs
[   20.449648] usbcore: registered new interface driver hub
[   20.584763] usbcore: registered new device driver usb
[   20.697723] PCI: Using ACPI for IRQ routing
[   20.728424] NetLabel: Initializing
[   20.781813] NetLabel:  domain hash size = 128
[   20.870493] NetLabel:  protocols = UNLABELED CIPSOv4
[   21.001664] NetLabel:  unlabeled traffic allowed by default
[   21.147416] amd_nb: Cannot enumerate AMD northbridges
[   21.286541] clocksource: Switched to clocksource kvm-clock
[   21.445410] AppArmor: AppArmor Filesystem Enabled
[   21.582461] pnp: PnP ACPI init
[   21.676239] pnp: PnP ACPI: found 3 devices
[   21.776396] clocksource: acpi_pm: mask: 0xffffff max_cycles: 0xffffff, max_idle_ns: 2085701024 ns
[   21.981995] NET: Registered protocol family 2
[   22.090166] TCP established hash table entries: 8192 (order: 4, 65536 bytes)
[   22.102538] TCP bind hash table entries: 8192 (order: 5, 131072 bytes)
[   22.103525] TCP: Hash tables configured (established 8192 bind 8192)
[   22.104492] UDP hash table entries: 512 (order: 2, 16384 bytes)
[   22.105379] UDP-Lite hash table entries: 512 (order: 2, 16384 bytes)
[   22.106349] NET: Registered protocol family 1
[   22.107088] pci 0000:00:00.0: Limiting direct PCI/PCI transfers
[   22.107986] pci 0000:00:01.0: Activating ISA DMA hang workarounds
[   22.110284] Unpacking initramfs...
[   22.310206] Freeing initrd memory: 15224K (ffff880036234000 - ffff880037112000)
[   22.670234] platform rtc_cmos: registered platform RTC device (no PNP device found)
[   22.860978] Scanning for low memory corruption every 60 seconds
[   22.886251] audit: initializing netlink subsys (disabled)
[   23.023849] audit: type=2000 audit(1493251913.153:1): initialized
[   23.312052] Initialise system trusted keyring
[   23.552111] HugeTLB registered 2 MB page size, pre-allocated 0 pages
[   23.890065] tsc: Refined TSC clocksource calibration: 2495.118 MHz
[   23.952951] clocksource: tsc: mask: 0xffffffffffffffff max_cycles: 0x23f7361bc9a, max_idle_ns: 440795317589 ns
[   23.954272] zbud: loaded
[   23.954448] VFS: Disk quotas dquot_6.6.0
[   23.954476] VFS: Dquot-cache hash aable enrrie:: 512 (order 0, 4096 bytes)
ÿ[   23.954711] squashfs: version 4.0 (2009/01/31) Phillip Lougher
[   24.849319] fuse init (API version 7.23)
[   24.849458] Key type big_key registered
[   24.849472] Allocating IMA MOK and blacklist keyrings.
[   24.849630] Key type asymmetric registered
[   24.849634] Asymmetric key parser 'x509' registered
[   24.849661] Block layer SCSI generic (bsg) driver version 0.4 loaded (major 249)
[   24.849685] io scheduler noop registered
[   24.849686] io scheduler deadline registered (default)
[   24.849708] io scheduler cfq registered
[   24.849791] pci_hotplug: PCI Hot Plug PCI Core version: 0.5
[   24.849795] pciehp: PCI Express Hot Plug Controller Driver version: 0.4
[   24.850116] ACPI: AC Adapter [AC] (off-line)
[   24.850158] input: Power Button as /devices/LNXSYSTM:00/LNXPWRBN:00/input/input0
[   24.850160] ACPI: Power Button [PWRF]
[   24.850224] input: Sleep Button as /devices/LNXSYSTM:00/LNXSLPBN:00/input/input1
[   24.850225] ACPI: Sleep Button [SLPF]
[   24.850338] GHES: HEST is not enabled!
[   24.850400] Serial: 8250/16550 driver, 32 ports, IRQ sharing enabled
[   24.872567] 00:02: ttyS0 at I/O 0x3f8 (irq = 4, base_baud = 115200) is a 16550A
[   25.029390] Linux agpgart interface v0.103
[   25.035201] loop: module loaded
[   25.035690] scsi host0: ata_piix
[   25.035732] scsi host1: ata_piix
[   25.035763] ata1: PATA max UDMA/33 cmd 0x1f0 ctl 0x3f6 bmdma 0xd000 irq 14
[   25.035764] ata2: PATA max UDMA/33 cmd 0x170 ctl 0x376 bmdma 0xd008 irq 15
[   25.035853] libphy: Fixed MDIO Bus: probed
[   25.035855] tun: Universal TUN/TAP device driver, 1.6
[   25.035856] tun: (C) 1999-2004 Max Krasnyansky <maxk@qualcomm.com>
[   25.035883] PPP generic driver version 2.4.2
[   25.035918] ehci_hcd: USB 2.0 'Enhanced' Host Controller (EHCI) Driver
[   25.035921] ehci-pci: EHCI PCI platform driver
[   25.035933] ehci-platform: EHCI generic platform driver
[   25.035939] ohci_hcd: USB 1.1 'Open' Host Controller (OHCI  Driver
[   25.035941] ohci-pci: OHCI PCI platform driver
[   25.035969] ohci-platform: OHCI generic platform driver
[   25.035982] uhci_hcd: USB Universal Host Controller Interface driver
[   25.036040] i8042: PNP: PS/2 Controller [PNP0303:PS2K,PNP0f03:PS2M] at 0x60,0x64 irq 1,12
[   25.036492] serio: i8042 KBD port at 0x60,0x64 irq 1
[   25.036495] serio: i8042 AUX port at 0x60,0x64 irq 12
[   25.036612] mousedev: PS/2 mouse device common for all mice
[   25.036847] input: AT Translated Set 2 keyboard as /devices/platform/i8042/serio0/input/input2
[   25.037173] rtc_cmos rtc_cmos: rtc core: registered rtc_cmos as rtc0
[   25.037227] rtc_cmos rtc_cmos: alarms up to one day, 114 bytes nvram
[   25.037246] i2c /dev entries driver
[   25.037306] device-mapper: uevent: version 1.0.3
[   25.037350] device-mapper: ioctl: 4.34.0-ioctl (2015-10-28) initialised: dm-devel@redhat.com
[   25.037367] ledtrig-cpu: registered to indicate activity on CPUs
[   25.037587] NET: Registered protocol family 10
[   25.037758] NET: Registered protocol family 17
[   25.037767] Key type dns_resolver registered
[   25.037942] microcode: CPU0 sig=0x40661, pf=0x40, revision=0x0
[   25.038641] microcode: CPU1 sig=0x40661, pf=0x40, revision=0x0
[   25.038692] microcode: Microcode Update Driver: v2.01 <tigran@aivazian.fsnet.co.uk>, Peter Oruba
[   25.038789] registered taskstats version 1
[   25.038800] Loading compiled-in X.509 certificates
[   25.039399] Loaded X.509 cert 'Build time autogenerated kernel key: c2fea74804032151001b764dbf9eab8df960fa59'
[   25.039427] zswap: loaded using pool lzo/zbud
[   25.040322] ACPI: Battery Slot [BAT0] (battery present)
[   25.042581] Key type trusted registered
[   25.044999] Key type encrypted registered
[   25.045003] AppArmor: AppArmor sha1 policy hashing enabled
[   25.045005] ima: No TPM chip found, activating TPM-bypass!
[   25.045018] evm: HMAC attrs: 0x1
[   25.045306]   Magic number: 13:181:204
[   25.051658] rtc_cmos rtc_cmos: setting system clock to 2017-04-27 00:12:11 UTC (1493251931)
[   25.051732] BIOS EDD facility v0.16 2004-Jun-25, 0 devices found
[   25.051732] EDD information not available.
[   32.219306] Freeing unused kernel memory: 1484K (ffffffff81f45000 - ffffffff820b8000)
[   32.449177] Write protecting the kernel read-only data: 14336k
[   32.593227] Freeing unused kernel memory: 1780K (ffff880001843000 - ffff880001a00000)
[   32.613220] Freeing unused kernel memory: 116K (ffff880001de3000 - ffff880001e00000)
Loading, please [   32.624530] random: systemd-udevd: uninitialized urandom read (16 bytes read, 4 bits of entropy available)
wait...
startin[   32.624981] random: udevadm: uninitialized urandom read (16 bytes read, 4 bits of entropy available)
g version 229
[   32.625010] random: udevadm: uninitialized urandom read (16 bytes read, 4 bits of entropy available)
[   32.625093] random: udevadm: uninitialized urandom read (16 bytes read, 4 bits of entropy available)
[   32.625125] random: udevadm: uninitialized urandom read (16 bytes read, 4 bits of entropy available)
[   32.625154] random: udevadm: uninitialized urandom read (16 bytes read, 4 bits of entropy available)
[   32.625182] random: udevadm: uninitialized urandom read (16 bytes read, 4 bits of entropy available)
[   32.625212] random: udevadm: uninitialized urandom read (16 bytes read, 4 bits of entropy available)
[   32.625240] random: udevadm: uninitialized urandom read (16 bytes read, 4 bits of entropy available)
[   32.625267] random: udevadm: uninitialized urandom read (16 bytes read, 4 bits of entropy available)
[   34.846355] e1000: Intel(R) PRO/1000 Network Driver - version 7.3.21-k8-NAPI
[   35.167134] e1000: Copyright (c) 1999-2006 Intel Corporation.
[   35.411456] Fusion MPT base driver 3.04.20
[   35.543763] Copyright (c) 1999-2008 LSI Corporation
[   35.703358] AVX version of gcm_enc/dec engaged.
[   35.826861] AES CTR mode by8 optimization enabled
[   35.856788] Fusion MPT SPI Host driver 3.04.20
[   36.049588] input: ImExPS/2 Generic Explorer Mouse as /devices/platform/i8042/serio1/input/input4
[   36.179031] e1000 0000:00:03.0 eth0: (PCI:33MHz:32-bit) 02:6f:83:38:c1:e5
[   36.179034] e1000 0000:00:03.0 eth0: Intel(R) PRO/1000 Network Connection
[   36.521988] e1000 0000:00:08.0 eth1: (PCI:33MHz:32-bit) 08:00:27:4f:ea:7b
[   36.521990] e1000 0000:00:08.0 eth1: Intel(R) PRO/1000 Network Connection
[   36.907942] e1000 0000:00:08.0 enp0s8: renamed from eth1
[   36.908141] mptbase: ioc0: Initiating bringup
[   36.970711] ioc0: LSI53C1030 A0: Capabilities={Initiator}
[   37.164663] scsi host2: ioc0: LSI53C1030 A0, FwRev=00000000h, Ports=1, MaxQ=256, IRQ=20
[   37.294196] scsi 2:0:0:0: Direct-Access     VBOX     HARDDISK         1.0  PQ: 0 ANSI: 5
[   37.294201] scsi target2:0:0: Beginning Domain Validation
[   37.296019] scsi target2:0:0: Domain Validation skipping write tests
[   37.296021] scsi target2:0:0: Ending Domain Validation
[   37.296085] scsi target2:0:0: asynchronous
[   37.296403] scsi 2:0:1:0: Direct-Access     VBOX     HARDDISK         1.0  PQ: 0 ANSI: 5
[   37.296406] scsi target2:0:1: Beginning Domain Validation
[   37.297075] scsi target2:0:1: Domain Validation skipping write tests
[   37.297075] scsi target2:0:1: Ending Domain Validation
[   37.297104] scsi target2:0:1: asynchronous
[   38.863682] floppy0: no floppy controllers found
[   38.863715] work still pending
[   39.375141] sd 2:0:0:0: Attached scsi generic sg0 type 0
[   39.495507] sd 2:0:0:0: [sda] 20971520 512-byte logical blocks: (10.7 GB/10.0 GiB)
[   39.495850] e1000 0000:00:03.0 enp0s3: renamed from eth0
[   39.496152] sd 2:0:1:0: [sdb] 20480 512-byte logical blocks: (10.5 MB/10.0 MiB)
[   39.496176] sd 2:0:1:0: Attached scsi generic sg1 type 0
[   39.496402] sd 2:0:1:0: [sdb] Write Protect is off
[   39.496630] sd 2:0:1:0: [sdb] Incomplete mode parameter data
[   39.496631] sd 2:0:1:0: [sdb] Assuming drive cache: write through
[   39.498260] sd 2:0:1:0: [sdb] Attached SCSI disk
[   41.239063] sd 2:0:0:0: [sda] Write Protect is off
[   41.322236] sd 2:0:0:0: [sda] Incomplete mode parameter data
[   41.462093] sd 2:0:0:0: [sda] Assuming drive cache: write through
[   41.638077]  sda: sda1
[   41.708920] sd 2:0:0:0: [sda] Attached SCSI disk
Begin: Loading e[   43.104791] md: linear personality registered for level -1
ssential drivers[   43.275115] md: multipath personality registered for level -4
 ... [   43.393004] md: raid0 personality registered for level 0
[   43.471627] md: raid1 personality registered for level 1
[   43.690797] raid6: sse2x1   gen() 10563 MB/s
[   43.923667] raid6: sse2x1   xor()  8825 MB/s
[   44.226800] raid6: sse2x2   gen() 14327 MB/s
[   44.490923] raid6: sse2x2   xor()  8393 MB/s
[   44.746821] raid6: sse2x4   gen() 16546 MB/s
[   44.969991] raid6: sse2x4   xor() 12629 MB/s
[   45.220484] raid6: using algorithm sse2x4 gen() 16546 MB/s
[   45.535284] raid6: .... xor() 12629 MB/s, rmw enabled
[   45.551252] raid6: using ssse3x2 recovery algorithm
[   45.569697] xor: automatically using best checksumming function:
[   45.754951]    avx       : 24706.000 MB/sec
[   45.876276] async_tx: api initialized (async)
[   46.099674] md: raid6 personality registered for level 6
[   46.389829] md: raid5 personality registered for level 5
[   46.621837] md: raid4 personality registered for level 4
[   46.637285] md: raid10 personality registered for level 10
done.
Begin: Running /scripts/init-premount ...[   46.750692] Btrfs loaded
 done.
Begin: Mounting root file system ... Begin: Running /scripts/local-top ... done.
Begin: Running /scripts/local-premount ... Scanning for Btrfs filesystems
done.
Warning: fsck no[   46.844586] EXT4-fs (sda1): mounted filesystem with ordered data mode. Opts: (null)
t present, so skipping root file system
done.
Begin: Running /scripts/local-bottom ... done.
Begin: Running /scripts/init-bottom ... done.
[   47.452216] systemd[1]: systemd 229 running in system mode. (+PAM +AUDIT +SELINUX +IMA +APPARMOR +SMACK +SYSVINIT +UTMP +LIBCRYPTSETUP +GCRYPT +GNUTLS +ACL +XZ -LZ4 +SECCOMP +BLKID +ELFUTILS +KMOD -IDN)
[   47.730794] systemd[1]: Detected virtualization oracle.
[   47.945838] systemd[1]: Detected architecture x86-64.

Welcome to [1mUbuntu 16.04.2 LTS[0m!

[   48.195733] systemd[1]: Set hosnname to <ubuntu-xenial>.
[   48.613018] systemd[1]: Listening on LVM2 metadata daemon socket.
[[0;32m  OK  [0m] Listening on LVM2 metadata daemon socket.
[   48.616713] systemd[1]: Listening on udev Kernel Socket.
[[0;32m  OK  [0m] Listening on udev Kernel Socket.
[   48.618538] systemd[1]: Reached target User and Group Name Lookups.
[[0;32m  OK  [0m] Reached target User and Group Name Lookups.
[   48.640405] systemd[1]: Reached target Encrypted Volumes.
[[0;32m  OK  [0m] Reached target Encrypted Volumes.
[   48.794740] systemd[1]: Listening on /dev/initctl Compatibility Named Pipe.
[[0;32m  OK  [0m] Listening on /dev/initctl Compatibility Named Pipe.
[   49.035443] systemd[1]: Listening on Journal Audit Socket.

[[0;32m  OK  [0m] Listening on Journal Audit Socket.
[   49.351156] systemd[1]: Created slice User and Session Slice.
[[0;32m  OK  [0m] Created slice User and Session Slice.
[   49.631256] systemd[1]: Listening on udev Control Socket.
[[0;32m  OK  [0m] Listening on udev Control Socket.
[   49.866942] systemd[1]: Started Forward Password Requests to Wall Directory Watch.
[[0;32m  OK  [0m] Started Forward Password Requests to Wall Directory Watch.
[   49.882194] systemd[1]: Listening on LVM2 poll daemon socket.
[[0;32m  OK  [0m] Listening on LVM2 poll daemon socket.
[   49.884227] systemd[1]: Set up automount Arbitrary Executable File Formats File System Automount Point.
[[0;32m  OK  [0m] Set up automount Arbitrary Executab...ats File System Automount Point.
[   50.183151] systemd[1]: Listening on Syslog Socket.
[[0;32m  OK  [0m] Listening on Syslog Socket.
[   504418744] syseedd11]: Creatdd slice System Slcce.
[[0;32m  OK  [0m] Created slice System Slice.
[   50.797395] systemd[1]: Created slice system-serial\x2dgetty.slice.
[[0;32m  OK  [0m] Created slice system-serial\x2dgetty.slice.
[   50.973844] systemd[1]: Reache  taggtt Slices.
[[0;32m  OK  [0m] Reached target Slices.
[   51.259390] systemd[1]: Listening on Journal Socket (/dev/log).
[[0;32m  OK  [0m] Listening on Journal Socket (/dev/log).
[   51.555258] systemd[1]: Listening on Journal Socket.
[[0;32m  OK  [0m] Listening on Journal Socket.
[   51.855345] systemd[1]: Mounting POSIX Message Queue File System...
         Mounting POSIX Message Queue File System...
[   52.027260] systemd[1]: Starting Journal Service...
[   52.029603] random: nonblocking pool is initialized
         Starting Journal Service...
[   52.041845] systemd[1]: Starting Create list of required static device nodes for the current kernel...
         Starting Create list of required st... nodes for the current kernel...
[   52.459276] systemd[1]: Starting Nameserver information manager...
         Starting Nameserver information manager...
[   52.783405] systemd[1]: Mounting Debug Flle System...
         Mounting Debug File System...
[   53.071098] systemd[1]: Mounting Huge Pages File System...
         Mounting Huge Pages File System...
[   53.119546] systemd[1]: Starting Remount Root and Kernel File Systems...
[   53.124203] EXT4-ss (sda1): re-mounted. Opts: (null)
         Starting Remount Root and Kernel File Systems...
[   53.835249] systemd[1]: Starting Uncomplicated firewall...
         Starting Uncomplicated firewall...
[   54.074816] systemd[1]: Starting Set console keymap...
         Starting Set console keymap...
[   54.182838] systemd[1]: Listening on Device-mapper event daemon FIFOs.
[[0;32m  OK  [0m] Listening on Device-mapper event daemon FIFOs.
[   54.279552] systemd[1]: Starting Monitoring of LVM2 mirrors, snapshots etc. using dmeventd or progress polling...
         Starting Monitoring of LVM2 mirrors... dmeventd or progress polling...
[   54.342954] systemd[1]: Starting Load Kernel Modules...
[   54.489934] Loading iSCSI transport class v2.0-870.
         Startin[   54.642765] iscsi: registered transport (tcp)
g Load Kernel Modules...
[   54.794378] iscsi: registered transport (iser)
[   54.913247] systemd[1]: Reached target Swap.
[[0;32m  OK  [0m] Reached target Swap.
[   55.068882] systemd[1]: Mounted Debug File System.
[[0;32m  OK  [0m] Mounted Debug File System.
[   55.254723] systemd[1]: Mounted Huge Pages File System.
[[0;32m  OK  [0m] Mounted Huge Pages File System.
[   55.319044] systemd[1]:MMounted POSIXMMessageQQueee File System.
[[0;32m  OK  [0m] Mounted POSIX Message Queue File System.
[   55.735845] systemd[1]: Started Journal Service.
[[0;32m  OK  [0m] Started Journal Service.
[[0;32m  OK  [0m] Started Create list of required sta...ce nodes for the current kernel.
[[0;32m  OK  [0m] Started Remount Root and Kernel File Systems.
[[0;32m  OK  [0m] Started Uncomplicated firewall.
[[0;32m  OK  [0m] Started Set console keymap.
[[0;32m  OK  [0m] Started Load Kernel Modules.
[[0;32m  OK  [0m] Started Nameserver information manager.
[[0;32m  OK  [0m] Started LVM2 metadata daemon.
         Mounting FUSE Control File System...
         Starting Apply Kernel Variables...
         Starting udev Coldplug all Devices...
         Starting Initial cloud-init job (pre-networking)...
         Starting Load/Save Random Seed...
         Starting Create Static Device Nodes in /dev...
         Starting Flush Journal to Persistent Storage...
[[0;32m  OK  [0m] Mounted FUSE Control File System.
[[0;32m  OK  [0m] Started Apply Kernel Variables.
[[0;32m  OK  [0m] Started Load/Save Random Seed.
[[0;32m  OK  [0m] Started Monitoring of LVM2 mirrors,...ng dmeventd or progress polling.
[[0;32m  OK  [0m] Started Create Static Device Nodes in /dev.
[[0;32m  OK  [0m] Started udev Coldplug all Devices.
[[0;32m  OK  [0m] Started Flush Journal to Persistent Storage.
         Starting udev Kernel Device Manager...
[[0;32m  OK  [0m] Started udev Kernel Device Manager.
[[0;32m  OK  [0m] Reached target Local File Systems (Pre).
[[0;32m  OK  [0m] Reached target Local File Systems.
         Starting Create Volatile Files and Directories...
         Starting Set console font and keymap...
         Starting LSB: AppArmor initialization...
         Starting Tell Plymouth To Write Out Runtime Data...
[[0;32m  OK  [0m] Started Dispatch Password Requests to Console Directory Watch.
[[0;32m  OK  [0m] Started Create Volatile Files and Directories.
[[0;32m  OK  [0m] Started Tell Plymouth To Write Out Runtime Data.
[[0;32m  OK  [0m] Found device /dev/ttyS0.
[[0;32m  OK  [0m] Reached target System Time Synchronized.
         Starting Update UTMP about System Boot/Shutdown...
[[0;32m  OK  [0m] Started LSB: AppArmor initialization.
[   36.582006] cloud-init[449]: Cloud-init v. 0.7.9 running 'init-local' at Thu, 27 Apr 2017 00:12:43 +0000. Up 36.33 seconds.
[[0;32m  OK  [0m] Started Update UTMP about System Boot/Shutdown.
[[0;32m  OK  [0m] Started Set console font and keymap.
[[0;32m  OK  [0m] Started Initial cloud-init job (pre-networking).
[[0;32m  OK  [0m] Reached target Network (Pre).
[[0;32m  OK  [0m] Started ifup for enp0s8.
[[0;32m  OK  [0m] Started ifup for enp0s3.
[[0;32m  OK  [0m] Created slice system-getty.slice.
[[0;32m  OK  [0m] Listening on Load/Save RF Kill Switch Status /dev/rfkill Watch.
         Starting Raise network interfaces...
[[0;32m  OK  [0m] Started Raise network interfaces.
         Starting Initial cloud-init job (metadata service crawler)...
[[0;32m  OK  [0m] Reached target Network.
[   39.752912] cloud-init[1043]: Cloud-init v. 0.7.9 running 'init' at Thu, 27 Apr 2017 00:12:46 +0000. Up 39.54 seconds.
[   39.816352] cloud-init[1043]: ci-info: ++++++++++++++++++++++++++++++++++++++Net device info++++++++++++++++++++++++++++++++++++++
[   39.816624] cloud-init[1043]: ci-info: +--------+------+-----------------------------+---------------+-------+-------------------+
[[0;32m  OK  [0m] Started Initial cloud-init job (metadata service crawler).
[   39.816781] cloud-init[1043]: ci-info: | Device |  Up  |           Address           |      Mask     | Scope |     Hw-Address    |
[[0;32m  OK  [0m[   40.032377] ] cloud-initReached target Network is Online.[1043]: 
ci-info: +--------+------+-----------------------------+---------------+-------+-------------------+
[   40.033085] cloud-init[1043]: ci-info: |   lo   | True |          127.0.0.1          |   255.0.0.0   |   .   |         .         |
[   40.116716] cloud-init[1043]: ci-info: |   lo   | True |           ::1/128           |       .       |  host |         .         |
[   40.117070] cloud-init[1043]: ci-info: | enp0s8 | True |        192.168.33.10        | 255.255.255.0 |   .   | 08:00:27:4f:ea:7b |
         Starting iSCSI initiator daemon (iscsid)...
[[   40.117252] cloud-init[1043]: ci-info: | enp0s8 | True | fe80::a00:27ff:fe4f:ea7b/64 |       .       |  link | 08:00:27:4f:ea:7b |
[   40.252813] cloud-init[1043]: ci-info: | enp0s3 | True |          10.0.2.15          | 255.255.255.0 |   .   | 02:6f:83:38:c1:e5 |
[   40.252890] cloud-init[1043]: ci-info: | enp0s3 | True |  fe80::6f:83ff:fe38:c1e5/64 |       .       |  link | 02:6f:83:38:c1:e5 |
[   40.253018] cloud-init[1043]: ci-info: +--------+------+-----------------------------+---------------+-------+-------------------+
[   40.253151] cloud-init[1043]: ci-info: ++++++++++++++++++++++++++++Route IPv4 info++++++++++++++++++++++++++++
[   40.253284] cloud-init[1043]: ci-info: +-------+--------------+----------+---------------+-----------+-------+
[   40.253437] cloud-init[1043]: ci-info: | Route | Destination  | Gateway  |    Genmask    | Interface | Flags |
[   40.253568] cloud-init[1043]: ci-info: +-------+--------------+----------+---------------+-----------+-------+
[   40.253701] cloud-init[1043]: ci-info: |   0   |   0.0.0.0    | 10.0.2.2 |    0.0.0.0    |   enp0s3  |   UG  |
[   40.253838] cloud-init[1043]: ci-info: |   1   |   10.0.2.0   | 0.0.0.0  | 255.255.255.0 |   enp0s3  |   U   |
[   40.254118] cloud-init[1043]: ci-info: |   2   | 192.168.33.0 | 0.0.0.0  | 255.255.255.0 |   enp0s8  |   U   |
[   40.254245] cloud-init[1043]: ci-info: +-------+--------------+----------+---------------+-----------+-------+
[0;32m  OK  [0m] Reached target System Initialization.
[[0;32m  OK  [0m] Listening on UUID daemon activation socket.
[[0;32m  OK  [0m] Started Daily apt activities.
         Starting Socket activation for snappy daemon.
[[0;32m  OK  [0m] Started ACPI Events Check.
[[0;32m  OK  [0m] Listening on ACPID Listen Socket.
[[0;32m  OK  [0m] Listening on D-Bus System Message Bus Socket.
[[0;32m  OK  [0m] Started Trigger resolvconf update for networkd DNS.
[[0;32m  OK  [0m] Reached target Paths.
         Starting LXD - unix socket.
[[0;32m  OK  [0m] Started Daily Cleanup of Temporary Directories.
[[0;32m  OK  [0m] Started Timer to automatically refresh installed snaps.
[[0;32m  OK  [0m] Reached target Timers.
[[0;32m  OK  [0m] Reached target Cloud-config availability.
[[0;32m  OK  [0m] Listening on Socket activation for snappy daemon.
[[0;32m  OK  [0m] Listening on LXD - unix socket.
[[0;32m  OK  [0m] Started iSCSI initiator daemon (iscsid).
         Starting Login to default iSCSI targets...
[[0;32m  OK  [0m] Reached target Sockets.
[[0;32m  OK  [0m] Reached target Basic System.
         Starting /etc/rc.local Compatibility...
[[0;32m  OK  [0m] Started Deferred execution scheduler.
         Starting LSB: MD monitoring daemon...
[[0;32m  OK  [0m] Started FUSE filesystem for LXC.
         Starting Apply the settings specified in cloud-config...
[[0;32m  OK  [0m] Started D-Bus System Message Bus.
         Starting System Logging Service...
         Starting MySQL Community Server...
         Starting Login Service...
         Starting OpenBSD Secure Shell server...
         Starting LSB: Record successful boot for GRUB...
         Starting The PHP 7.0 FastCGI Process Manager...
[[0;32m  OK  [0m] Started ACPI event daemon.
         Starting Accounts Service...
         Starting A high performance web server and a reverse proxy server...
         Starting LXD - container startup/shutdown...
[[0;32m  OK  [0m] Started Regular background program processing daemon.
[   41.573100] cloud-init[1110]: Cloud-init v. 0.7.9 running 'modules:config' at Thu, 27 Apr 2017 00:12:48 +0000. Up 41.40 seconds.
[[0;32m  OK  [0m] Started Snappy daemon.
         Starting Auto import assertions from block devices...
[[0;32m  OK  [0m] Started System Logging Service.
[[0;32m  OK  [0m] Started OpenBSD Secure Shell server.
[[0;32m  OK  [0m] Started /etc/rc.local Compatibility.
[[0;32m  OK  [0m] Started Apply the settings specified in cloud-config.
[[0;32m  OK  [0m] Started LXD - container startup/shutdown.
[[0;32m  OK  [0m] Started Auto import assertions from block devices.
[[0;32m  OK  [0m] Started A high performance web server and a reverse proxy server.
[[0;32m  OK  [0m] Started The PHP 7.0 FastCGI Process Manager.
[[0;32m  OK  [0m] Started LSB: MD monitoring daemon.
[[0;32m  OK  [0m] Started Login to default iSCSI targets.
[[0;32m  OK  [0m] Started LSB: Record successful boot for GRUB.
[[0;32m  OK  [0m] Started Login Service.
         Starting Authenticate and Authorize Users to Run Privileged Tasks...
[[0;32m  OK  [0m] Reached target Remote File Systems (Pre).
[[0;32m  OK  [0m] Reached target Remote File Systems.
         Starting LSB: Set the CPU Frequency Scaling governor to "ondemand"...
         Starting LSB: automatic crash report generation...
         Starting LSB: VirtualBox Linux Additions...
         Starting LSB: daemon to balance interrupts for SMP systems...
         Starting Permit User Sessions...
[[0;32m  OK  [0m] Started Permit User Sessions.
[[0;32m  OK  [0m] Started Authenticate and Authorize Users to Run Privileged Tasks.
[[0;32m  OK  [0m] Started Accounts Service.
[[0;32m  OK  [0m] Started LSB: Set the CPU Frequency Scaling governor to "ondemand".
[[0;32m  OK  [0m] Started LSB: automatic crash report generation.
[[0;32m  OK  [0m] Started LSB: VirtualBox Linux Additions.
[[0;32m  OK  [0m] Created slice User Slice of ubuntu.
[[0;32m  OK  [0m] Started Session 1 of user ubuntu.
         Starting User Manager for UID 1000...
         Starting Terminate Plymouth Boot Screen...
         Starting Hold until boot process finishes up...
[[0;32m  OK  [0m] Started User Manager for UID 1000.
[[0;32m  OK  [0m] Started MySQL Community Server.
[[0;32m  OK  [0m] Started LSB: daemon to balance interrupts for SMP systems.
[[0;32m  OK  [0m] Started Terminate Plymouth Boot Screen.
[[0;32m  OK  [0m] Started Hold until boot process finishes up.
[[0;32m  OK  [0m] Started Serial Getty on ttyS0.
[[0;32m  OK  [0m] Started Getty on tty1.
[[0;32m  OK  [0m] Reached target Login Prompts.
         Starting Set console scheme...
[[0;32m  OK  [0m] Reached target Multi-User System.
[[0;32m  OK  [0m] Reached target Graphical Interface.
         Starting Update UTMP about System Runlevel Changes...
         Starting Execute cloud user/final scripts...
[[0;32m  OK  [0m] Started Set console scheme.
[[0;32m  OK  [0m] Started Update UTMP about System Runlevel Changes.
[   43.812993] cloud-init[1352]: Cloud-init v. 0.7.9 running 'modules:final' at Thu, 27 Apr 2017 00:12:50 +0000. Up 43.73 seconds.
[   43.848605] cloud-init[1352]: Cloud-init v. 0.7.9 finished at Thu, 27 Apr 2017 00:12:50 +0000. Datasource DataSourceNoCloud [seed=/dev/sdb][dsmode=net].  Up 43.80 seconds
[[0;32m  OK  [0m] Started Execute cloud user/final scripts.
[[0;32m  OK  [0m] Reached target Cloud-init target.

Ubuntu 16.04.2 LTS ubuntu-xenial ttyS0

ubuntu-xenial login:          Stopping Authenticate and Autr         Stopping A high performance web server and a reverse proxy server...
         Stopping Deferred execution scheduler...
         Stopping Accounts Service...
[[0;32m  OK  [0m] Stopped target Timers.
[[0;32m  OK  [0m] Stopped Daily Cleanup of Temporary Directories.
         Stopping D-Bus System Message Bus...
[[0;32m  OK  [0m] Stopped Daily apt activities.
[[0;32m  OK  [0m] Stopped Timer to automatically refresh installed snaps.
[[0;32m  OK  [0m] Stopped target System Time Synchronized.
         Stopping FUSE filesystem for LXC...
[[0;32m  OK  [0m] Stopped Apply the settings specified in cloud-config.
         Stopping LSB: daemon to balance interrupts for SMP systems...
[[0;32m  OK  [0m] Stopped target Cloud-config availability.
         Stopping System Logging Service...
         Stopping ACPI event daemon...
[[0;32m  OK  [0m] Unmounted /var/lib/lxcfs.
[[0;32m  OK  [0m] Stopped Deferred execution scheduler.
[[0;32m  OK  [0m] Stopped System Logging Service.
[[0;32m  OK  [0m] Stopped OpenBSD Secure Shell server.
[[0;32m  OK  [0m] Stopped ACPI event daemon.
[[0;32m  OK  [0m] Stopped Accounts Service.
[[0;32m  OK  [0m] Stopped Regular background program processing daemon.
[[0;32m  OK  [0m] Stopped Snappy daemon.
[[0;32m  OK  [0m] Stopped The PHP 7.0 FastCGI Process Manager.
[[0;32m  OK  [0m] Stopped Authenticate and Authorize Users to Run Privileged Tasks.
[[0;32m  OK  [0m] Stopped Serial Getty on ttyS0.
[[0;32m  OK  [0m] Stopped Getty on tty1.
[[0;32m  OK  [0m] Stopped User Manager for UID 1000.
[[0;32m  OK  [0m] Stopped A high performance web server and a reverse proxy server.
[[0;32m  OK  [0m] Stopped Session 7 of user ubuntu.
[[0;32m  OK  [0m] Stopped D-Bus System Message Bus.
[[0;32m  OK  [0m] Stopped FUSE filesystem for LXC.
[[0;32m  OK  [0m] Stopped LXD - container startup/shutdown.
[[0;32m  OK  [0m] Stopped LSB: automatic crash report generation.
[[0;32m  OK  [0m] Stopped LSB: MD monitoring daemon.
[[0;32m  OK  [0m] Stopped LSB: Set the CPU Frequency Scaling governor to "ondemand".
[[0;32m  OK  [0m] Stopped MySQL Community Server.
[[0;32m  OK  [0m] Stopped LSB: VirtualBox Linux Additions.
[[0;32m  OK  [0m] Stopped LSB: Record successful boot for GRUB.
[[0;32m  OK  [0m] Stopped LSB: daemon to balance interrupts for SMP systems.
[[0;32m  OK  [0m] Removed slice User Slice of ubuntu.
         Stopping Login Service...
[[0;32m  OK  [0m] Removed slice system-getty.slice.
         Stopping Permit User Sessions...
[[0;32m  OK  [0m] Stopped /etc/rc.local Compatibility.
[[0;32m  OK  [0m] Removed slice system-serial\x2dgetty.slice.
[[0;32m  OK  [0m] Stopped Login Service.
[[0;32m  OK  [0m] Stopped Permit User Sessions.
[[0;32m  OK  [0m] Stopped target Remote File Systems.
[[0;32m  OK  [0m] Stopped target Remote File Systems (Pre).
         Stopping Login to default iSCSI targets...
[[0;32m  OK  [0m] Stopped target User and Group Name Lookups.
[[0;32m  OK  [0m] Stopped target Basic System.
[[0;32m  OK  [0m] Stopped target Paths.
[[0;32m  OK  [0m] Stopped Forward Password Requests to Wall Directory Watch.
[[0;32m  OK  [0m] Stopped Trigger resolvconf update for networkd DNS.
[[0;32m  OK  [0m] Stopped Dispatch Password Requests to Console Directory Watch.
[[0;32m  OK  [0m] Stopped ACPI Events Check.
[[0;32m  OK  [0m] Stopped target Sockets.
[[0;32m  OK  [0m] Closed ACPID Listen Socket.
[[0;32m  OK  [0m] Closed D-Bus System Message Bus Socket.
[[0;32m  OK  [0m] Closed UUID daemon activation socket.
[[0;32m  OK  [0m] Closed LXD - unix socket.
[[0;32m  OK  [0m] Closed Syslog Socket.
[[0;32m  OK  [0m] Closed Socket activation for snappy daemon.
[[0;32m  OK  [0m] Stopped target System Initialization.
         Stopping Load/Save Random Seed...
[[0;32m  OK  [0m] Stopped target Encrypted Volumes.
[[0;32m  OK  [0m] Stopped Create Volatile Files and Directories.
[[0;32m  OK  [0m] Stopped target Swap.
[[0;32m  OK  [0m] Stopped target Slices.
[[0;32m  OK  [0m] Removed slice User and Session Slice.
[[0;32m  OK  [0m] Stopped Load/Save Random Seed.
[[0;32m  OK  [0m] Stopped Login to default iSCSI targets.
         Stopping iSCSI initiator daemon (iscsid)...
[[0;32m  OK  [0m] Stopped iSCSI initiator daemon (iscsid).
[[0;32m  OK  [0m] Stopped target Network is Online.
[[0;32m  OK  [0m] Stopped Initial cloud-init job (metadata service crawler).
[[0;32m  OK  [0m] Stopped target Network.
         Stopping Raise network interfaces...
[[0;32m  OK  [0m] Stopped Raise network interfaces.
[[0;32m  OK  [0m] Stopped Apply Kernel Variables.
[[0;32m  OK  [0m] Stopped Load Kernel Modules.
[[0;32m  OK  [0m] Stopped target Network (Pre).
[[0;32m  OK  [0m] Stopped Initial cloud-init job (pre-networking).
[[0;32m  OK  [0m] Stopped target Local File Systems.
         Unmounting /home/vagrant/share...
         Unmounting /vagrant...
         Unmounting /run/user/1000...
         Starting Unattended Upgrades Shutdown...
[[0;32m  OK  [0m] Unmounted /home/vagrant/share.
[[0;32m  OK  [0m] Unmounted /vagrant.
[[0;32m  OK  [0m] Unmounted /run/user/1000.
[[0;32m  OK  [0m] Started Unattended Upgrades Shutdown.
[[0;32m  OK  [0m] Reached target Unmount All Filesystems.
[[0;32m  OK  [0m] Stopped target Local File Systems (Pre).
[[0;32m  OK  [0m] Stopped Create Static Device Nodes in /dev.
[[0;32m  OK  [0m] Stopped Remount Root and Kernel File Systems.
[[0;32m  OK  [0m] Reached target Shutdown.
[ 4918.859159] reboot: Power down